Archive member included to satisfy reference by file (symbol)

D:/Data/STM32Ide/STM32CubeIDE_1.19.0/STM32CubeIDE/plugins/com.st.stm32cube.ide.mcu.externaltools.gnu-tools-for-stm32.13.3.rel1.win32_1.0.0.202411081344/tools/bin/../lib/gcc/arm-none-eabi/13.3.1/../../../../arm-none-eabi/lib/thumb/v7-m/nofp\libc_nano.a(libc_a-exit.o)
                              D:/Data/STM32Ide/STM32CubeIDE_1.19.0/STM32CubeIDE/plugins/com.st.stm32cube.ide.mcu.externaltools.gnu-tools-for-stm32.13.3.rel1.win32_1.0.0.202411081344/tools/bin/../lib/gcc/arm-none-eabi/13.3.1/../../../../arm-none-eabi/lib/thumb/v7-m/nofp/crt0.o (exit)
D:/Data/STM32Ide/STM32CubeIDE_1.19.0/STM32CubeIDE/plugins/com.st.stm32cube.ide.mcu.externaltools.gnu-tools-for-stm32.13.3.rel1.win32_1.0.0.202411081344/tools/bin/../lib/gcc/arm-none-eabi/13.3.1/../../../../arm-none-eabi/lib/thumb/v7-m/nofp\libc_nano.a(libc_a-malloc.o)
                              ./Core/Acquisition/Src/acquisition.o (malloc)
D:/Data/STM32Ide/STM32CubeIDE_1.19.0/STM32CubeIDE/plugins/com.st.stm32cube.ide.mcu.externaltools.gnu-tools-for-stm32.13.3.rel1.win32_1.0.0.202411081344/tools/bin/../lib/gcc/arm-none-eabi/13.3.1/../../../../arm-none-eabi/lib/thumb/v7-m/nofp\libc_nano.a(libc_a-mallocr.o)
                              D:/Data/STM32Ide/STM32CubeIDE_1.19.0/STM32CubeIDE/plugins/com.st.stm32cube.ide.mcu.externaltools.gnu-tools-for-stm32.13.3.rel1.win32_1.0.0.202411081344/tools/bin/../lib/gcc/arm-none-eabi/13.3.1/../../../../arm-none-eabi/lib/thumb/v7-m/nofp\libc_nano.a(libc_a-malloc.o) (_malloc_r)
D:/Data/STM32Ide/STM32CubeIDE_1.19.0/STM32CubeIDE/plugins/com.st.stm32cube.ide.mcu.externaltools.gnu-tools-for-stm32.13.3.rel1.win32_1.0.0.202411081344/tools/bin/../lib/gcc/arm-none-eabi/13.3.1/../../../../arm-none-eabi/lib/thumb/v7-m/nofp\libc_nano.a(libc_a-mlock.o)
                              D:/Data/STM32Ide/STM32CubeIDE_1.19.0/STM32CubeIDE/plugins/com.st.stm32cube.ide.mcu.externaltools.gnu-tools-for-stm32.13.3.rel1.win32_1.0.0.202411081344/tools/bin/../lib/gcc/arm-none-eabi/13.3.1/../../../../arm-none-eabi/lib/thumb/v7-m/nofp\libc_nano.a(libc_a-mallocr.o) (__malloc_lock)
D:/Data/STM32Ide/STM32CubeIDE_1.19.0/STM32CubeIDE/plugins/com.st.stm32cube.ide.mcu.externaltools.gnu-tools-for-stm32.13.3.rel1.win32_1.0.0.202411081344/tools/bin/../lib/gcc/arm-none-eabi/13.3.1/../../../../arm-none-eabi/lib/thumb/v7-m/nofp\libc_nano.a(libc_a-findfp.o)
                              D:/Data/STM32Ide/STM32CubeIDE_1.19.0/STM32CubeIDE/plugins/com.st.stm32cube.ide.mcu.externaltools.gnu-tools-for-stm32.13.3.rel1.win32_1.0.0.202411081344/tools/bin/../lib/gcc/arm-none-eabi/13.3.1/../../../../arm-none-eabi/lib/thumb/v7-m/nofp\libc_nano.a(libc_a-exit.o) (__stdio_exit_handler)
D:/Data/STM32Ide/STM32CubeIDE_1.19.0/STM32CubeIDE/plugins/com.st.stm32cube.ide.mcu.externaltools.gnu-tools-for-stm32.13.3.rel1.win32_1.0.0.202411081344/tools/bin/../lib/gcc/arm-none-eabi/13.3.1/../../../../arm-none-eabi/lib/thumb/v7-m/nofp\libc_nano.a(libc_a-fwalk.o)
                              D:/Data/STM32Ide/STM32CubeIDE_1.19.0/STM32CubeIDE/plugins/com.st.stm32cube.ide.mcu.externaltools.gnu-tools-for-stm32.13.3.rel1.win32_1.0.0.202411081344/tools/bin/../lib/gcc/arm-none-eabi/13.3.1/../../../../arm-none-eabi/lib/thumb/v7-m/nofp\libc_nano.a(libc_a-findfp.o) (_fwalk_sglue)
D:/Data/STM32Ide/STM32CubeIDE_1.19.0/STM32CubeIDE/plugins/com.st.stm32cube.ide.mcu.externaltools.gnu-tools-for-stm32.13.3.rel1.win32_1.0.0.202411081344/tools/bin/../lib/gcc/arm-none-eabi/13.3.1/../../../../arm-none-eabi/lib/thumb/v7-m/nofp\libc_nano.a(libc_a-stdio.o)
                              D:/Data/STM32Ide/STM32CubeIDE_1.19.0/STM32CubeIDE/plugins/com.st.stm32cube.ide.mcu.externaltools.gnu-tools-for-stm32.13.3.rel1.win32_1.0.0.202411081344/tools/bin/../lib/gcc/arm-none-eabi/13.3.1/../../../../arm-none-eabi/lib/thumb/v7-m/nofp\libc_nano.a(libc_a-findfp.o) (__sread)
D:/Data/STM32Ide/STM32CubeIDE_1.19.0/STM32CubeIDE/plugins/com.st.stm32cube.ide.mcu.externaltools.gnu-tools-for-stm32.13.3.rel1.win32_1.0.0.202411081344/tools/bin/../lib/gcc/arm-none-eabi/13.3.1/../../../../arm-none-eabi/lib/thumb/v7-m/nofp\libc_nano.a(libc_a-memset.o)
                              D:/Data/STM32Ide/STM32CubeIDE_1.19.0/STM32CubeIDE/plugins/com.st.stm32cube.ide.mcu.externaltools.gnu-tools-for-stm32.13.3.rel1.win32_1.0.0.202411081344/tools/bin/../lib/gcc/arm-none-eabi/13.3.1/../../../../arm-none-eabi/lib/thumb/v7-m/nofp/crt0.o (memset)
D:/Data/STM32Ide/STM32CubeIDE_1.19.0/STM32CubeIDE/plugins/com.st.stm32cube.ide.mcu.externaltools.gnu-tools-for-stm32.13.3.rel1.win32_1.0.0.202411081344/tools/bin/../lib/gcc/arm-none-eabi/13.3.1/../../../../arm-none-eabi/lib/thumb/v7-m/nofp\libc_nano.a(libc_a-closer.o)
[...]
Memory Configuration

Name             Origin             Length             Attributes
RAM              0x20000000         0x0000c000         xrw
FLASH            0x08000000         0x00040000         xr
*default*        0x00000000         0xffffffff

Linker script and memory map

LOAD D:/Data/STM32Ide/STM32CubeIDE_1.19.0/STM32CubeIDE/plugins/com.st.stm32cube.ide.mcu.externaltools.gnu-tools-for-stm32.13.3.rel1.win32_1.0.0.202411081344/tools/bin/../lib/gcc/arm-none-eabi/13.3.1/thumb/v7-m/nofp/crti.o
LOAD D:/Data/STM32Ide/STM32CubeIDE_1.19.0/STM32CubeIDE/plugins/com.st.stm32cube.ide.mcu.externaltools.gnu-tools-for-stm32.13.3.rel1.win32_1.0.0.202411081344/tools/bin/../lib/gcc/arm-none-eabi/13.3.1/thumb/v7-m/nofp/crtbegin.o
LOAD D:/Data/STM32Ide/STM32CubeIDE_1.19.0/STM32CubeIDE/plugins/com.st.stm32cube.ide.mcu.externaltools.gnu-tools-for-stm32.13.3.rel1.win32_1.0.0.202411081344/tools/bin/../lib/gcc/arm-none-eabi/13.3.1/../../../../arm-none-eabi/lib/thumb/v7-m/nofp/crt0.o
LOAD ./Core/Acquisition/Src/acquisition.o
LOAD ./Core/Graphics/Src/GraphicTextWidget.o
LOAD ./Core/Graphics/Src/Graphics.o
LOAD ./Core/Graphics/Src/GraphicsRectangleWidget.o
LOAD ./Core/Src/freertos.o
LOAD ./Core/Src/main.o
LOAD ./Core/Src/stm32f1xx_hal_msp.o
LOAD ./Core/Src/stm32f1xx_it.o
LOAD ./Core/Src/syscalls.o
LOAD ./Core/Src/sysmem.o
LOAD ./Core/Src/system_stm32f1xx.o
LOAD ./Core/Startup/startup_stm32f103rctx.o
LOAD ./Drivers/ST7789/Src/St7789.o
LOAD ./Drivers/STM32F1xx_HAL_Driver/Src/stm32f1xx_hal.o
LOAD ./Drivers/STM32F1xx_HAL_Driver/Src/stm32f1xx_hal_adc.o
LOAD ./Drivers/STM32F1xx_HAL_Driver/Src/stm32f1xx_hal_adc_ex.o
LOAD ./Drivers/STM32F1xx_HAL_Driver/Src/stm32f1xx_hal_cortex.o
LOAD ./Drivers/STM32F1xx_HAL_Driver/Src/stm32f1xx_hal_dma.o
LOAD ./Drivers/STM32F1xx_HAL_Driver/Src/stm32f1xx_hal_exti.o
LOAD ./Drivers/STM32F1xx_HAL_Driver/Src/stm32f1xx_hal_flash.o
LOAD ./Drivers/STM32F1xx_HAL_Driver/Src/stm32f1xx_hal_flash_ex.o
LOAD ./Drivers/STM32F1xx_HAL_Driver/Src/stm32f1xx_hal_gpio.o
LOAD ./Drivers/STM32F1xx_HAL_Driver/Src/stm32f1xx_hal_gpio_ex.o
LOAD ./Drivers/STM32F1xx_HAL_Driver/Src/stm32f1xx_hal_pwr.o
LOAD ./Drivers/STM32F1xx_HAL_Driver/Src/stm32f1xx_hal_rcc.o
LOAD ./Drivers/STM32F1xx_HAL_Driver/Src/stm32f1xx_hal_rcc_ex.o
LOAD ./Drivers/STM32F1xx_HAL_Driver/Src/stm32f1xx_hal_spi.o
LOAD ./Drivers/STM32F1xx_HAL_Driver/Src/stm32f1xx_hal_tim.o
LOAD ./Drivers/STM32F1xx_HAL_Driver/Src/stm32f1xx_hal_tim_ex.o
LOAD ./Middlewares/Third_Party/FreeRTOS/Source/CMSIS_RTOS_V2/cmsis_os2.o
LOAD ./Middlewares/Third_Party/FreeRTOS/Source/croutine.o
LOAD ./Middlewares/Third_Party/FreeRTOS/Source/event_groups.o
LOAD ./Middlewares/Third_Party/FreeRTOS/Source/list.o
LOAD ./Middlewares/Third_Party/FreeRTOS/Source/queue.o
LOAD ./Middlewares/Third_Party/FreeRTOS/Source/stream_buffer.o
LOAD ./Middlewares/Third_Party/FreeRTOS/Source/tasks.o
LOAD ./Middlewares/Third_Party/FreeRTOS/Source/timers.o
LOAD ./Middlewares/Third_Party/FreeRTOS/Source/portable/GCC/ARM_CM3/port.o
LOAD ./Middlewares/Third_Party/FreeRTOS/Source/portable/MemMang/heap_4.o
START GROUP
LOAD D:/Data/STM32Ide/STM32CubeIDE_1.19.0/STM32CubeIDE/plugins/com.st.stm32cube.ide.mcu.externaltools.gnu-tools-for-stm32.13.3.rel1.win32_1.0.0.202411081344/tools/bin/../lib/gcc/arm-none-eabi/13.3.1/../../../../arm-none-eabi/lib/thumb/v7-m/nofp\libc_nano.a
LOAD D:/Data/STM32Ide/STM32CubeIDE_1.19.0/STM32CubeIDE/plugins/com.st.stm32cube.ide.mcu.externaltools.gnu-tools-for-stm32.13.3.rel1.win32_1.0.0.202411081344/tools/bin/../lib/gcc/arm-none-eabi/13.3.1/../../../../arm-none-eabi/lib/thumb/v7-m/nofp\libm.a
END GROUP
START GROUP
LOAD D:/Data/STM32Ide/STM32CubeIDE_1.19.0/STM32CubeIDE/plugins/com.st.stm32cube.ide.mcu.externaltools.gnu-tools-for-stm32.13.3.rel1.win32_1.0.0.202411081344/tools/bin/../lib/gcc/arm-none-eabi/13.3.1/thumb/v7-m/nofp\libgcc.a
LOAD D:/Data/STM32Ide/STM32CubeIDE_1.19.0/STM32CubeIDE/plugins/com.st.stm32cube.ide.mcu.externaltools.gnu-tools-for-stm32.13.3.rel1.win32_1.0.0.202411081344/tools/bin/../lib/gcc/arm-none-eabi/13.3.1/../../../../arm-none-eabi/lib/thumb/v7-m/nofp\libc_nano.a
END GROUP
START GROUP
LOAD D:/Data/STM32Ide/STM32CubeIDE_1.19.0/STM32CubeIDE/plugins/com.st.stm32cube.ide.mcu.externaltools.gnu-tools-for-stm32.13.3.rel1.win32_1.0.0.202411081344/tools/bin/../lib/gcc/arm-none-eabi/13.3.1/thumb/v7-m/nofp\libgcc.a
LOAD D:/Data/STM32Ide/STM32CubeIDE_1.19.0/STM32CubeIDE/plugins/com.st.stm32cube.ide.mcu.externaltools.gnu-tools-for-stm32.13.3.rel1.win32_1.0.0.202411081344/tools/bin/../lib/gcc/arm-none-eabi/13.3.1/../../../../arm-none-eabi/lib/thumb/v7-m/nofp\libc_nano.a
LOAD D:/Data/STM32Ide/STM32CubeIDE_1.19.0/STM32CubeIDE/plugins/com.st.stm32cube.ide.mcu.externaltools.gnu-tools-for-stm32.13.3.rel1.win32_1.0.0.202411081344/tools/bin/../lib/gcc/arm-none-eabi/13.3.1/../../../../arm-none-eabi/lib/thumb/v7-m/nofp\libnosys.a
END GROUP
START GROUP
LOAD D:/Data/STM32Ide/STM32CubeIDE_1.19.0/STM32CubeIDE/plugins/com.st.stm32cube.ide.mcu.externaltools.gnu-tools-for-stm32.13.3.rel1.win32_1.0.0.202411081344/tools/bin/../lib/gcc/arm-none-eabi/13.3.1/thumb/v7-m/nofp\libgcc.a
LOAD D:/Data/STM32Ide/STM32CubeIDE_1.19.0/STM32CubeIDE/plugins/com.st.stm32cube.ide.mcu.externaltools.gnu-tools-for-stm32.13.3.rel1.win32_1.0.0.202411081344/tools/bin/../lib/gcc/arm-none-eabi/13.3.1/../../../../arm-none-eabi/lib/thumb/v7-m/nofp\libc_nano.a
LOAD D:/Data/STM32Ide/STM32CubeIDE_1.19.0/STM32CubeIDE/plugins/com.st.stm32cube.ide.mcu.externaltools.gnu-tools-for-stm32.13.3.rel1.win32_1.0.0.202411081344/tools/bin/../lib/gcc/arm-none-eabi/13.3.1/../../../../arm-none-eabi/lib/thumb/v7-m/nofp\libnosys.a
END GROUP
LOAD D:/Data/STM32Ide/STM32CubeIDE_1.19.0/STM32CubeIDE/plugins/com.st.stm32cube.ide.mcu.externaltools.gnu-tools-for-stm32.13.3.rel1.win32_1.0.0.202411081344/tools/bin/../lib/gcc/arm-none-eabi/13.3.1/thumb/v7-m/nofp/crtend.o
LOAD D:/Data/STM32Ide/STM32CubeIDE_1.19.0/STM32CubeIDE/plugins/com.st.stm32cube.ide.mcu.externaltools.gnu-tools-for-stm32.13.3.rel1.win32_1.0.0.202411081344/tools/bin/../lib/gcc/arm-none-eabi/13.3.1/thumb/v7-m/nofp/crtn.o
                0x2000c000                        _estack = (ORIGIN (RAM) + LENGTH (RAM))
                0x00000200                        _Min_Heap_Size = 0x200
                0x00000400                        _Min_Stack_Size = 0x400

.isr_vector     0x08000000      0x1e4
                0x08000000                        . = ALIGN (0x4)
 *(.isr_vector)
 .isr_vector    0x08000000      0x1e4 ./Core/Startup/startup_stm32f103rctx.o
                0x08000000                g_pfnVectors
                0x080001e4                        . = ALIGN (0x4)

.text           0x080001f0     0x7940
                0x080001f0                        . = ALIGN (0x4)
 *(.text)
 .text          0x080001f0       0x40 D:/Data/STM32Ide/STM32CubeIDE_1.19.0/STM32CubeIDE/plugins/com.st.stm32cube.ide.mcu.externaltools.gnu-tools-for-stm32.13.3.rel1.win32_1.0.0.202411081344/tools/bin/../lib/gcc/arm-none-eabi/13.3.1/thumb/v7-m/nofp/crtbegin.o
 .text          0x08000230       0x10 D:/Data/STM32Ide/STM32CubeIDE_1.19.0/STM32CubeIDE/plugins/com.st.stm32cube.ide.mcu.externaltools.gnu-tools-for-stm32.13.3.rel1.win32_1.0.0.202411081344/tools/bin/../lib/gcc/arm-none-eabi/13.3.1/../../../../arm-none-eabi/lib/thumb/v7-m/nofp\libc_nano.a(libc_a-strlen.o)
                0x08000230                strlen
 *(.text*)
 .text.AcquisittionSampleStop
                0x08000240       0x20 ./Core/Acquisition/Src/acquisition.o
                0x08000240                AcquisittionSampleStop
 .text.AcquisittionSampleStart
                0x08000260       0x38 ./Core/Acquisition/Src/acquisition.o
                0x08000260                AcquisittionSampleStart
 .text.AcquisittionStart
                0x08000298       0x20 ./Core/Acquisition/Src/acquisition.o
                0x08000298                AcquisittionStart
 .text.HAL_ADC_ConvCpltCallback
                0x080002b8       0x34 ./Core/Acquisition/Src/acquisition.o
                0x080002b8                HAL_ADC_ConvCpltCallback
 .text.AcquisittionSetMsgEncoderChanged
                0x080002ec       0x28 ./Core/Acquisition/Src/acquisition.o
 .text.AcquisittionSendQueueFormIsr
                0x08000314       0x40 ./Core/Acquisition/Src/acquisition.o
 .text.AcquisittionEncoderChangedValue
                0x08000354       0x60 ./Core/Acquisition/Src/acquisition.o
 .text.AcquisittionReadSampleBlockFinish
                0x080003b4       0xa0 ./Core/Acquisition/Src/acquisition.o
 .text.AcquisittionSetSampleMsg
                0x08000454       0x34 ./Core/Acquisition/Src/acquisition.o
 .text.AcquisittionPushMsgQueueFree
                0x08000488       0x28 ./Core/Acquisition/Src/acquisition.o
                0x08000488                AcquisittionPushMsgQueueFree
 .text.AcquisittionPopMsgQueueFree
                0x080004b0       0x28 ./Core/Acquisition/Src/acquisition.o
                0x080004b0                AcquisittionPopMsgQueueFree
 .text.AcquisittionPushMsgQueueReady
                0x080004d8       0x28 ./Core/Acquisition/Src/acquisition.o
                0x080004d8                AcquisittionPushMsgQueueReady
 .text.AcquisittionPopMsgQueueReady
                0x08000500       0x28 ./Core/Acquisition/Src/acquisition.o
                0x08000500                AcquisittionPopMsgQueueReady
 .text.GraphicsDrawTextWidget
                0x08000528       0x26 ./Core/Graphics/Src/GraphicTextWidget.o
                0x08000528                GraphicsDrawTextWidget
 *fill*         0x0800054e        0x2 
 .text.GraphicsRectangleWigetTranfer
                0x08000550      0x100 ./Core/Graphics/Src/Graphics.o
 .text.GraphicsDrawText
                0x08000650       0xac ./Core/Graphics/Src/Graphics.o
                0x08000650                GraphicsDrawText
 .text.GraphicsDrawRectangle
                0x080006fc       0x58 ./Core/Graphics/Src/Graphics.o
                0x080006fc                GraphicsDrawRectangle
 .text.St7789SetAreaTranfer
                0x08000754       0x42 ./Core/Graphics/Src/Graphics.o
 *fill*         0x08000796        0x2 
 .text.St7789CalculatorTextDisplay
                0x08000798       0xb0 ./Core/Graphics/Src/Graphics.o
 .text.GraphicsTranferText
                0x08000848      0x214 ./Core/Graphics/Src/Graphics.o
 .text.main     0x08000a5c       0x64 ./Core/Src/main.o
                0x08000a5c                main
 .text.SystemClock_Config
                0x08000ac0       0xba ./Core/Src/main.o
                0x08000ac0                SystemClock_Config
 *fill*         0x08000b7a        0x2 
 .text.MX_ADC3_Init
                0x08000b7c       0x7c ./Core/Src/main.o
 .text.MX_SPI1_Init
                0x08000bf8       0x6c ./Core/Src/main.o
 .text.MX_TIM2_Init
                0x08000c64       0xe4 ./Core/Src/main.o
 .text.MX_DMA_Init
                0x08000d48       0x64 ./Core/Src/main.o
 .text.MX_GPIO_Init
                0x08000dac       0x94 ./Core/Src/main.o
 .text.St7789_Config
                0x08000e40       0x60 ./Core/Src/main.o
 .text.HandleEncoderChanged
                0x08000ea0       0x20 ./Core/Src/main.o
                0x08000ea0                HandleEncoderChanged
 .text.AcquitsittionHandleCallback
                0x08000ec0       0x8c ./Core/Src/main.o
                0x08000ec0                AcquitsittionHandleCallback
 .text.UiHandleCallback
                0x08000f4c       0xa0 ./Core/Src/main.o
                0x08000f4c                UiHandleCallback
 .text.Error_Handler
                0x08000fec        0xc ./Core/Src/main.o
                0x08000fec                Error_Handler
 .text.HAL_MspInit
                0x08000ff8       0x70 ./Core/Src/stm32f1xx_hal_msp.o
                0x08000ff8                HAL_MspInit
 .text.HAL_ADC_MspInit
                0x08001068       0xe0 ./Core/Src/stm32f1xx_hal_msp.o
                0x08001068                HAL_ADC_MspInit
 .text.HAL_SPI_MspInit
                0x08001148       0xe8 ./Core/Src/stm32f1xx_hal_msp.o
                0x08001148                HAL_SPI_MspInit
 .text.HAL_TIM_Base_MspInit
                0x08001230       0x38 ./Core/Src/stm32f1xx_hal_msp.o
                0x08001230                HAL_TIM_Base_MspInit
 .text.NMI_Handler
                0x08001268        0x8 ./Core/Src/stm32f1xx_it.o
                0x08001268                NMI_Handler
 .text.HardFault_Handler
                0x08001270        0x8 ./Core/Src/stm32f1xx_it.o
                0x08001270                HardFault_Handler
 .text.MemManage_Handler
                0x08001278        0x8 ./Core/Src/stm32f1xx_it.o
                0x08001278                MemManage_Handler
 .text.BusFault_Handler
                0x08001280        0x8 ./Core/Src/stm32f1xx_it.o
                0x08001280                BusFault_Handler
 .text.UsageFault_Handler
                0x08001288        0x8 ./Core/Src/stm32f1xx_it.o
                0x08001288                UsageFault_Handler
 .text.DebugMon_Handler
                0x08001290        0xc ./Core/Src/stm32f1xx_it.o
                0x08001290                DebugMon_Handler
 .text.SysTick_Handler
                0x0800129c       0x1a ./Core/Src/stm32f1xx_it.o
                0x0800129c                SysTick_Handler
 *fill*         0x080012b6        0x2 
 .text.DMA1_Channel3_IRQHandler
                0x080012b8       0x14 ./Core/Src/stm32f1xx_it.o
                0x080012b8                DMA1_Channel3_IRQHandler
 .text.ADC3_IRQHandler
                0x080012cc       0x14 ./Core/Src/stm32f1xx_it.o
                0x080012cc                ADC3_IRQHandler
 .text.DMA2_Channel4_5_IRQHandler
                0x080012e0       0x14 ./Core/Src/stm32f1xx_it.o
                0x080012e0                DMA2_Channel4_5_IRQHandler
 .text._sbrk    0x080012f4       0x6c ./Core/Src/sysmem.o
                0x080012f4                _sbrk
 .text.SystemInit
                0x08001360        0xc ./Core/Src/system_stm32f1xx.o
                0x08001360                SystemInit
 .text.Reset_Handler
                0x0800136c       0x48 ./Core/Startup/startup_stm32f103rctx.o
                0x0800136c                Reset_Handler
 .text.Default_Handler
                0x080013b4        0x2 ./Core/Startup/startup_stm32f103rctx.o
                0x080013b4                RTC_Alarm_IRQHandler
                0x080013b4                EXTI2_IRQHandler
                0x080013b4                TIM8_TRG_COM_IRQHandler
                0x080013b4                TIM8_CC_IRQHandler
                0x080013b4                TIM1_CC_IRQHandler
                0x080013b4                TIM6_IRQHandler
                0x080013b4                PVD_IRQHandler
                0x080013b4                SDIO_IRQHandler
                0x080013b4                EXTI3_IRQHandler
                0x080013b4                EXTI0_IRQHandler
                0x080013b4                I2C2_EV_IRQHandler
                0x080013b4                ADC1_2_IRQHandler
                0x080013b4                SPI1_IRQHandler
                0x080013b4                TAMPER_IRQHandler
                0x080013b4                TIM8_UP_IRQHandler
                0x080013b4                DMA2_Channel2_IRQHandler
                0x080013b4                DMA1_Channel4_IRQHandler
                0x080013b4                USART3_IRQHandler
                0x080013b4                RTC_IRQHandler
                0x080013b4                DMA1_Channel7_IRQHandler
                0x080013b4                CAN1_RX1_IRQHandler
                0x080013b4                UART5_IRQHandler
                0x080013b4                TIM4_IRQHandler
                0x080013b4                DMA2_Channel1_IRQHandler
                0x080013b4                I2C1_EV_IRQHandler
                0x080013b4                DMA1_Channel6_IRQHandler
                0x080013b4                UART4_IRQHandler
                0x080013b4                TIM3_IRQHandler
                0x080013b4                RCC_IRQHandler
                0x080013b4                TIM1_TRG_COM_IRQHandler
                0x080013b4                DMA1_Channel1_IRQHandler
                0x080013b4                Default_Handler
                0x080013b4                EXTI15_10_IRQHandler
                0x080013b4                TIM7_IRQHandler
                0x080013b4                TIM5_IRQHandler
                0x080013b4                EXTI9_5_IRQHandler
                0x080013b4                SPI2_IRQHandler
                0x080013b4                DMA1_Channel5_IRQHandler
                0x080013b4                EXTI4_IRQHandler
                0x080013b4                USB_LP_CAN1_RX0_IRQHandler
                0x080013b4                USB_HP_CAN1_TX_IRQHandler
                0x080013b4                FSMC_IRQHandler
                0x080013b4                TIM1_UP_IRQHandler
                0x080013b4                WWDG_IRQHandler
                0x080013b4                TIM2_IRQHandler
                0x080013b4                TIM1_BRK_IRQHandler
                0x080013b4                EXTI1_IRQHandler
                0x080013b4                USART2_IRQHandler
                0x080013b4                I2C2_ER_IRQHandler
                0x080013b4                DMA1_Channel2_IRQHandler
                0x080013b4                TIM8_BRK_IRQHandler
                0x080013b4                CAN1_SCE_IRQHandler
                0x080013b4                FLASH_IRQHandler
                0x080013b4                USART1_IRQHandler
                0x080013b4                SPI3_IRQHandler
                0x080013b4                I2C1_ER_IRQHandler
                0x080013b4                USBWakeUp_IRQHandler
                0x080013b4                DMA2_Channel3_IRQHandler
 .text.St7789SetAddress
                0x080013b6       0x86 ./Drivers/ST7789/Src/St7789.o
                0x080013b6                St7789SetAddress
 .text.St7789WriteCommand
                0x0800143c       0x4a ./Drivers/ST7789/Src/St7789.o
                0x0800143c                St7789WriteCommand
 *fill*         0x08001486        0x2 
 .text.St7789WriteData
                0x08001488       0x44 ./Drivers/ST7789/Src/St7789.o
                0x08001488                St7789WriteData
 .text.HAL_SPI_TxCpltCallback
                0x080014cc       0x4c ./Drivers/ST7789/Src/St7789.o
                0x080014cc                HAL_SPI_TxCpltCallback
 .text.St7789RstHardware
                0x08001518       0x3c ./Drivers/ST7789/Src/St7789.o
                0x08001518                St7789RstHardware
 .text.St7789SetInterfacePixelFormat
                0x08001554       0x62 ./Drivers/ST7789/Src/St7789.o
                0x08001554                St7789SetInterfacePixelFormat
 .text.St7789SetSleepMode
                0x080015b6       0x3a ./Drivers/ST7789/Src/St7789.o
                0x080015b6                St7789SetSleepMode
 .text.St7789Init
                0x080015f0       0x90 ./Drivers/ST7789/Src/St7789.o
                0x080015f0                St7789Init
 .text.St7789SetMemoryDataAccessControl
                0x08001680       0x5a ./Drivers/ST7789/Src/St7789.o
                0x08001680                St7789SetMemoryDataAccessControl
 .text.St7789SetColumnAddress
                0x080016da       0x28 ./Drivers/ST7789/Src/St7789.o
                0x080016da                St7789SetColumnAddress
 .text.St7789SetRowAddress
                0x08001702       0x28 ./Drivers/ST7789/Src/St7789.o
                0x08001702                St7789SetRowAddress
 *fill*         0x0800172a        0x2 
 .text.St7789ConvertFor18bit
                0x0800172c       0x5c ./Drivers/ST7789/Src/St7789.o
                0x0800172c                St7789ConvertFor18bit
 .text.St7789ConvertFor16bit
                0x08001788       0xa0 ./Drivers/ST7789/Src/St7789.o
                0x08001788                St7789ConvertFor16bit
 .text.HAL_Init
                0x08001828       0x2c ./Drivers/STM32F1xx_HAL_Driver/Src/stm32f1xx_hal.o
                0x08001828                HAL_Init
 .text.HAL_InitTick
                0x08001854       0x60 ./Drivers/STM32F1xx_HAL_Driver/Src/stm32f1xx_hal.o
                0x08001854                HAL_InitTick
 .text.HAL_IncTick
                0x080018b4       0x24 ./Drivers/STM32F1xx_HAL_Driver/Src/stm32f1xx_hal.o
                0x080018b4                HAL_IncTick
 .text.HAL_GetTick
                0x080018d8       0x14 ./Drivers/STM32F1xx_HAL_Driver/Src/stm32f1xx_hal.o
                0x080018d8                HAL_GetTick
 .text.HAL_Delay
                0x080018ec       0x48 ./Drivers/STM32F1xx_HAL_Driver/Src/stm32f1xx_hal.o
                0x080018ec                HAL_Delay
 .text.HAL_ADC_Init
                0x08001934      0x1d4 ./Drivers/STM32F1xx_HAL_Driver/Src/stm32f1xx_hal_adc.o
                0x08001934                HAL_ADC_Init
 .text.HAL_ADC_Start_DMA
                0x08001b08      0x1bc ./Drivers/STM32F1xx_HAL_Driver/Src/stm32f1xx_hal_adc.o
                0x08001b08                HAL_ADC_Start_DMA
 .text.HAL_ADC_Stop_DMA
                0x08001cc4       0x98 ./Drivers/STM32F1xx_HAL_Driver/Src/stm32f1xx_hal_adc.o
                0x08001cc4                HAL_ADC_Stop_DMA
 .text.HAL_ADC_IRQHandler
                0x08001d5c      0x17e ./Drivers/STM32F1xx_HAL_Driver/Src/stm32f1xx_hal_adc.o
                0x08001d5c                HAL_ADC_IRQHandler
 .text.HAL_ADC_ConvHalfCpltCallback
                0x08001eda       0x12 ./Drivers/STM32F1xx_HAL_Driver/Src/stm32f1xx_hal_adc.o
                0x08001eda                HAL_ADC_ConvHalfCpltCallback
 .text.HAL_ADC_LevelOutOfWindowCallback
                0x08001eec       0x12 ./Drivers/STM32F1xx_HAL_Driver/Src/stm32f1xx_hal_adc.o
                0x08001eec                HAL_ADC_LevelOutOfWindowCallback
 .text.HAL_ADC_ErrorCallback
                0x08001efe       0x12 ./Drivers/STM32F1xx_HAL_Driver/Src/stm32f1xx_hal_adc.o
                0x08001efe                HAL_ADC_ErrorCallback
 .text.HAL_ADC_ConfigChannel
                0x08001f10      0x1f0 ./Drivers/STM32F1xx_HAL_Driver/Src/stm32f1xx_hal_adc.o
                0x08001f10                HAL_ADC_ConfigChannel
 .text.ADC_Enable
                0x08002100       0xb4 ./Drivers/STM32F1xx_HAL_Driver/Src/stm32f1xx_hal_adc.o
                0x08002100                ADC_Enable
 .text.ADC_ConversionStop_Disable
                0x080021b4       0x82 ./Drivers/STM32F1xx_HAL_Driver/Src/stm32f1xx_hal_adc.o
                0x080021b4                ADC_ConversionStop_Disable
 .text.ADC_DMAConvCplt
                0x08002236       0x7c ./Drivers/STM32F1xx_HAL_Driver/Src/stm32f1xx_hal_adc.o
                0x08002236                ADC_DMAConvCplt
 .text.ADC_DMAHalfConvCplt
                0x080022b2       0x1c ./Drivers/STM32F1xx_HAL_Driver/Src/stm32f1xx_hal_adc.o
                0x080022b2                ADC_DMAHalfConvCplt
 .text.ADC_DMAError
                0x080022ce       0x34 ./Drivers/STM32F1xx_HAL_Driver/Src/stm32f1xx_hal_adc.o
                0x080022ce                ADC_DMAError
 .text.HAL_ADCEx_InjectedConvCpltCallback
                0x08002302       0x12 ./Drivers/STM32F1xx_HAL_Driver/Src/stm32f1xx_hal_adc_ex.o
                0x08002302                HAL_ADCEx_InjectedConvCpltCallback
 .text.__NVIC_SetPriorityGrouping
                0x08002314       0x48 ./Drivers/STM32F1xx_HAL_Driver/Src/stm32f1xx_hal_cortex.o
 .text.__NVIC_GetPriorityGrouping
                0x0800235c       0x1c ./Drivers/STM32F1xx_HAL_Driver/Src/stm32f1xx_hal_cortex.o
 .text.__NVIC_EnableIRQ
                0x08002378       0x38 ./Drivers/STM32F1xx_HAL_Driver/Src/stm32f1xx_hal_cortex.o
 .text.__NVIC_SetPriority
                0x080023b0       0x54 ./Drivers/STM32F1xx_HAL_Driver/Src/stm32f1xx_hal_cortex.o
 .text.NVIC_EncodePriority
                0x08002404       0x64 ./Drivers/STM32F1xx_HAL_Driver/Src/stm32f1xx_hal_cortex.o
 .text.SysTick_Config
                0x08002468       0x44 ./Drivers/STM32F1xx_HAL_Driver/Src/stm32f1xx_hal_cortex.o
 .text.HAL_NVIC_SetPriorityGrouping
                0x080024ac       0x16 ./Drivers/STM32F1xx_HAL_Driver/Src/stm32f1xx_hal_cortex.o
                0x080024ac                HAL_NVIC_SetPriorityGrouping
 .text.HAL_NVIC_SetPriority
                0x080024c2       0x38 ./Drivers/STM32F1xx_HAL_Driver/Src/stm32f1xx_hal_cortex.o
                0x080024c2                HAL_NVIC_SetPriority
 .text.HAL_NVIC_EnableIRQ
                0x080024fa       0x1c ./Drivers/STM32F1xx_HAL_Driver/Src/stm32f1xx_hal_cortex.o
                0x080024fa                HAL_NVIC_EnableIRQ
 .text.HAL_SYSTICK_Config
                0x08002516       0x18 ./Drivers/STM32F1xx_HAL_Driver/Src/stm32f1xx_hal_cortex.o
                0x08002516                HAL_SYSTICK_Config
 *fill*         0x0800252e        0x2 
 .text.HAL_DMA_Init
                0x08002530       0xec ./Drivers/STM32F1xx_HAL_Driver/Src/stm32f1xx_hal_dma.o
                0x08002530                HAL_DMA_Init
 .text.HAL_DMA_Start_IT
                0x0800261c       0xc0 ./Drivers/STM32F1xx_HAL_Driver/Src/stm32f1xx_hal_dma.o
                0x0800261c                HAL_DMA_Start_IT
 .text.HAL_DMA_Abort
                0x080026dc       0x76 ./Drivers/STM32F1xx_HAL_Driver/Src/stm32f1xx_hal_dma.o
                0x080026dc                HAL_DMA_Abort
 *fill*         0x08002752        0x2 
 .text.HAL_DMA_IRQHandler
                0x08002754      0x478 ./Drivers/STM32F1xx_HAL_Driver/Src/stm32f1xx_hal_dma.o
                0x08002754                HAL_DMA_IRQHandler
 .text.DMA_SetConfig
                0x08002bcc       0x5a ./Drivers/STM32F1xx_HAL_Driver/Src/stm32f1xx_hal_dma.o
 *fill*         0x08002c26        0x2 
 .text.HAL_GPIO_Init
                0x08002c28      0x328 ./Drivers/STM32F1xx_HAL_Driver/Src/stm32f1xx_hal_gpio.o
                0x08002c28                HAL_GPIO_Init
 .text.HAL_GPIO_WritePin
                0x08002f50       0x30 ./Drivers/STM32F1xx_HAL_Driver/Src/stm32f1xx_hal_gpio.o
                0x08002f50                HAL_GPIO_WritePin
 .text.HAL_RCC_OscConfig
                0x08002f80      0x504 ./Drivers/STM32F1xx_HAL_Driver/Src/stm32f1xx_hal_rcc.o
                0x08002f80                HAL_RCC_OscConfig
 .text.HAL_RCC_ClockConfig
                0x08003484      0x1d4 ./Drivers/STM32F1xx_HAL_Driver/Src/stm32f1xx_hal_rcc.o
                0x08003484                HAL_RCC_ClockConfig
 .text.HAL_RCC_GetSysClockFreq
                0x08003658       0xa8 ./Drivers/STM32F1xx_HAL_Driver/Src/stm32f1xx_hal_rcc.o
                0x08003658                HAL_RCC_GetSysClockFreq
 .text.RCC_Delay
                0x08003700       0x3c ./Drivers/STM32F1xx_HAL_Driver/Src/stm32f1xx_hal_rcc.o
 .text.HAL_RCCEx_PeriphCLKConfig
                0x0800373c      0x16c ./Drivers/STM32F1xx_HAL_Driver/Src/stm32f1xx_hal_rcc_ex.o
                0x0800373c                HAL_RCCEx_PeriphCLKConfig
 .text.HAL_SPI_Init
                0x080038a8      0x108 ./Drivers/STM32F1xx_HAL_Driver/Src/stm32f1xx_hal_spi.o
                0x080038a8                HAL_SPI_Init
 .text.HAL_SPI_Transmit
                0x080039b0      0x288 ./Drivers/STM32F1xx_HAL_Driver/Src/stm32f1xx_hal_spi.o
                0x080039b0                HAL_SPI_Transmit
 .text.HAL_SPI_Transmit_DMA
                0x08003c38      0x164 ./Drivers/STM32F1xx_HAL_Driver/Src/stm32f1xx_hal_spi.o
                0x08003c38                HAL_SPI_Transmit_DMA
 .text.HAL_SPI_TxHalfCpltCallback
                0x08003d9c       0x12 ./Drivers/STM32F1xx_HAL_Driver/Src/stm32f1xx_hal_spi.o
                0x08003d9c                HAL_SPI_TxHalfCpltCallback
 .text.HAL_SPI_ErrorCallback
                0x08003dae       0x12 ./Drivers/STM32F1xx_HAL_Driver/Src/stm32f1xx_hal_spi.o
                0x08003dae                HAL_SPI_ErrorCallback
 .text.SPI_DMATransmitCplt
                0x08003dc0       0xa6 ./Drivers/STM32F1xx_HAL_Driver/Src/stm32f1xx_hal_spi.o
 .text.SPI_DMAHalfTransmitCplt
                0x08003e66       0x1c ./Drivers/STM32F1xx_HAL_Driver/Src/stm32f1xx_hal_spi.o
 .text.SPI_DMAError
                0x08003e82       0x40 ./Drivers/STM32F1xx_HAL_Driver/Src/stm32f1xx_hal_spi.o
 *fill*         0x08003ec2        0x2 
 .text.SPI_WaitFlagStateUntilTimeout
                0x08003ec4      0x110 ./Drivers/STM32F1xx_HAL_Driver/Src/stm32f1xx_hal_spi.o
 .text.SPI_EndRxTxTransaction
                0x08003fd4       0x62 ./Drivers/STM32F1xx_HAL_Driver/Src/stm32f1xx_hal_spi.o
 .text.HAL_TIM_Base_Init
                0x08004036       0x9e ./Drivers/STM32F1xx_HAL_Driver/Src/stm32f1xx_hal_tim.o
                0x08004036                HAL_TIM_Base_Init
 .text.HAL_TIM_Base_Start
                0x080040d4       0xb0 ./Drivers/STM32F1xx_HAL_Driver/Src/stm32f1xx_hal_tim.o
                0x080040d4                HAL_TIM_Base_Start
 .text.HAL_TIM_Base_Stop
                0x08004184       0x4c ./Drivers/STM32F1xx_HAL_Driver/Src/stm32f1xx_hal_tim.o
                0x08004184                HAL_TIM_Base_Stop
 .text.HAL_TIM_OC_Init
                0x080041d0       0x9e ./Drivers/STM32F1xx_HAL_Driver/Src/stm32f1xx_hal_tim.o
                0x080041d0                HAL_TIM_OC_Init
 .text.HAL_TIM_OC_MspInit
                0x0800426e       0x12 ./Drivers/STM32F1xx_HAL_Driver/Src/stm32f1xx_hal_tim.o
                0x0800426e                HAL_TIM_OC_MspInit
 .text.HAL_TIM_OC_ConfigChannel
                0x08004280       0xb8 ./Drivers/STM32F1xx_HAL_Driver/Src/stm32f1xx_hal_tim.o
                0x08004280                HAL_TIM_OC_ConfigChannel
 .text.HAL_TIM_ConfigClockSource
                0x08004338      0x18e ./Drivers/STM32F1xx_HAL_Driver/Src/stm32f1xx_hal_tim.o
                0x08004338                HAL_TIM_ConfigClockSource
 *fill*         0x080044c6        0x2 
 .text.TIM_Base_SetConfig
                0x080044c8      0x10c ./Drivers/STM32F1xx_HAL_Driver/Src/stm32f1xx_hal_tim.o
                0x080044c8                TIM_Base_SetConfig
 .text.TIM_OC1_SetConfig
                0x080045d4       0xe0 ./Drivers/STM32F1xx_HAL_Driver/Src/stm32f1xx_hal_tim.o
 .text.TIM_OC2_SetConfig
                0x080046b4       0xe8 ./Drivers/STM32F1xx_HAL_Driver/Src/stm32f1xx_hal_tim.o
                0x080046b4                TIM_OC2_SetConfig
 .text.TIM_OC3_SetConfig
                0x0800479c       0xe8 ./Drivers/STM32F1xx_HAL_Driver/Src/stm32f1xx_hal_tim.o
 .text.TIM_OC4_SetConfig
                0x08004884       0xa8 ./Drivers/STM32F1xx_HAL_Driver/Src/stm32f1xx_hal_tim.o
 .text.TIM_TI1_ConfigInputStage
                0x0800492c       0x5c ./Drivers/STM32F1xx_HAL_Driver/Src/stm32f1xx_hal_tim.o
 .text.TIM_TI2_ConfigInputStage
                0x08004988       0x5e ./Drivers/STM32F1xx_HAL_Driver/Src/stm32f1xx_hal_tim.o
 .text.TIM_ITRx_SetConfig
                0x080049e6       0x34 ./Drivers/STM32F1xx_HAL_Driver/Src/stm32f1xx_hal_tim.o
 .text.TIM_ETR_SetConfig
                0x08004a1a       0x3e ./Drivers/STM32F1xx_HAL_Driver/Src/stm32f1xx_hal_tim.o
                0x08004a1a                TIM_ETR_SetConfig
 .text.HAL_TIMEx_MasterConfigSynchronization
                0x08004a58       0xd8 ./Drivers/STM32F1xx_HAL_Driver/Src/stm32f1xx_hal_tim_ex.o
                0x08004a58                HAL_TIMEx_MasterConfigSynchronization
 .text.__NVIC_SetPriority
                0x08004b30       0x54 ./Middlewares/Third_Party/FreeRTOS/Source/CMSIS_RTOS_V2/cmsis_os2.o
 .text.SVC_Setup
                0x08004b84       0x12 ./Middlewares/Third_Party/FreeRTOS/Source/CMSIS_RTOS_V2/cmsis_os2.o
 *fill*         0x08004b96        0x2 
 .text.osKernelInitialize
                0x08004b98       0x44 ./Middlewares/Third_Party/FreeRTOS/Source/CMSIS_RTOS_V2/cmsis_os2.o
                0x08004b98                osKernelInitialize
 .text.osKernelStart
                0x08004bdc       0x4c ./Middlewares/Third_Party/FreeRTOS/Source/CMSIS_RTOS_V2/cmsis_os2.o
                0x08004bdc                osKernelStart
 .text.osThreadNew
                0x08004c28      0x124 ./Middlewares/Third_Party/FreeRTOS/Source/CMSIS_RTOS_V2/cmsis_os2.o
                0x08004c28                osThreadNew
 .text.osDelay  0x08004d4c       0x36 ./Middlewares/Third_Party/FreeRTOS/Source/CMSIS_RTOS_V2/cmsis_os2.o
                0x08004d4c                osDelay
 *fill*         0x08004d82        0x2 
 .text.vApplicationGetIdleTaskMemory
                0x08004d84       0x30 ./Middlewares/Third_Party/FreeRTOS/Source/CMSIS_RTOS_V2/cmsis_os2.o
                0x08004d84                vApplicationGetIdleTaskMemory
 .text.vApplicationGetTimerTaskMemory
                0x08004db4       0x34 ./Middlewares/Third_Party/FreeRTOS/Source/CMSIS_RTOS_V2/cmsis_os2.o
                0x08004db4                vApplicationGetTimerTaskMemory
 .text.vListInitialise
                0x08004de8       0x3e ./Middlewares/Third_Party/FreeRTOS/Source/list.o
                0x08004de8                vListInitialise
 .text.vListInitialiseItem
                0x08004e26       0x18 ./Middlewares/Third_Party/FreeRTOS/Source/list.o
                0x08004e26                vListInitialiseItem
 .text.vListInsertEnd
                0x08004e3e       0x46 ./Middlewares/Third_Party/FreeRTOS/Source/list.o
                0x08004e3e                vListInsertEnd
 .text.vListInsert
                0x08004e84       0x70 ./Middlewares/Third_Party/FreeRTOS/Source/list.o
                0x08004e84                vListInsert
 .text.uxListRemove
                0x08004ef4       0x52 ./Middlewares/Third_Party/FreeRTOS/Source/list.o
                0x08004ef4                uxListRemove
 *fill*         0x08004f46        0x2 
 .text.xQueueGenericReset
                0x08004f48       0xd4 ./Middlewares/Third_Party/FreeRTOS/Source/queue.o
                0x08004f48                xQueueGenericReset
 .text.xQueueGenericCreateStatic
                0x0800501c       0xfa ./Middlewares/Third_Party/FreeRTOS/Source/queue.o
                0x0800501c                xQueueGenericCreateStatic
 .text.prvInitialiseNewQueue
                0x08005116       0x46 ./Middlewares/Third_Party/FreeRTOS/Source/queue.o
 .text.xQueueGenericSend
                0x0800515c      0x204 ./Middlewares/Third_Party/FreeRTOS/Source/queue.o
                0x0800515c                xQueueGenericSend
 .text.xQueueGenericSendFromISR
                0x08005360      0x13c ./Middlewares/Third_Party/FreeRTOS/Source/queue.o
                0x08005360                xQueueGenericSendFromISR
 .text.xQueueReceive
                0x0800549c      0x1c4 ./Middlewares/Third_Party/FreeRTOS/Source/queue.o
                0x0800549c                xQueueReceive
 .text.prvCopyDataToQueue
                0x08005660       0xd4 ./Middlewares/Third_Party/FreeRTOS/Source/queue.o
 .text.prvCopyDataFromQueue
                0x08005734       0x4c ./Middlewares/Third_Party/FreeRTOS/Source/queue.o
 .text.prvUnlockQueue
                0x08005780       0xa4 ./Middlewares/Third_Party/FreeRTOS/Source/queue.o
 .text.prvIsQueueEmpty
                0x08005824       0x2c ./Middlewares/Third_Party/FreeRTOS/Source/queue.o
 .text.prvIsQueueFull
                0x08005850       0x30 ./Middlewares/Third_Party/FreeRTOS/Source/queue.o
 .text.vQueueAddToRegistry
                0x08005880       0x50 ./Middlewares/Third_Party/FreeRTOS/Source/queue.o
                0x08005880                vQueueAddToRegistry
 .text.vQueueWaitForMessageRestricted
                0x080058d0       0x68 ./Middlewares/Third_Party/FreeRTOS/Source/queue.o
                0x080058d0                vQueueWaitForMessageRestricted
 .text.xTaskCreateStatic
                0x08005938       0xc0 ./Middlewares/Third_Party/FreeRTOS/Source/tasks.o
                0x08005938                xTaskCreateStatic
 .text.xTaskCreate
                0x080059f8       0x8a ./Middlewares/Third_Party/FreeRTOS/Source/tasks.o
                0x080059f8                xTaskCreate
 .text.prvInitialiseNewTask
                0x08005a82      0x120 ./Middlewares/Third_Party/FreeRTOS/Source/tasks.o
 *fill*         0x08005ba2        0x2 
 .text.prvAddNewTaskToReadyList
                0x08005ba4       0xe0 ./Middlewares/Third_Party/FreeRTOS/Source/tasks.o
 .text.vTaskDelay
                0x08005c84       0x6c ./Middlewares/Third_Party/FreeRTOS/Source/tasks.o
                0x08005c84                vTaskDelay
 .text.vTaskStartScheduler
                0x08005cf0       0xd0 ./Middlewares/Third_Party/FreeRTOS/Source/tasks.o
                0x08005cf0                vTaskStartScheduler
 .text.vTaskSuspendAll
                0x08005dc0       0x1c ./Middlewares/Third_Party/FreeRTOS/Source/tasks.o
                0x08005dc0                vTaskSuspendAll
 .text.xTaskResumeAll
                0x08005ddc      0x13c ./Middlewares/Third_Party/FreeRTOS/Source/tasks.o
                0x08005ddc                xTaskResumeAll
 .text.xTaskGetTickCount
                0x08005f18       0x1c ./Middlewares/Third_Party/FreeRTOS/Source/tasks.o
                0x08005f18                xTaskGetTickCount
 .text.xTaskIncrementTick
                0x08005f34      0x174 ./Middlewares/Third_Party/FreeRTOS/Source/tasks.o
                0x08005f34                xTaskIncrementTick
 .text.vTaskSwitchContext
                0x080060a8       0xbc ./Middlewares/Third_Party/FreeRTOS/Source/tasks.o
                0x080060a8                vTaskSwitchContext
 .text.vTaskPlaceOnEventList
                0x08006164       0x4c ./Middlewares/Third_Party/FreeRTOS/Source/tasks.o
                0x08006164                vTaskPlaceOnEventList
 .text.vTaskPlaceOnEventListRestricted
                0x080061b0       0x58 ./Middlewares/Third_Party/FreeRTOS/Source/tasks.o
                0x080061b0                vTaskPlaceOnEventListRestricted
 .text.xTaskRemoveFromEventList
                0x08006208       0xc8 ./Middlewares/Third_Party/FreeRTOS/Source/tasks.o
                0x08006208                xTaskRemoveFromEventList
 .text.vTaskInternalSetTimeOutState
                0x080062d0       0x2c ./Middlewares/Third_Party/FreeRTOS/Source/tasks.o
                0x080062d0                vTaskInternalSetTimeOutState
 .text.xTaskCheckForTimeOut
                0x080062fc       0xc8 ./Middlewares/Third_Party/FreeRTOS/Source/tasks.o
                0x080062fc                xTaskCheckForTimeOut
 .text.vTaskMissedYield
                0x080063c4       0x18 ./Middlewares/Third_Party/FreeRTOS/Source/tasks.o
                0x080063c4                vTaskMissedYield
 .text.prvIdleTask
                0x080063dc       0x30 ./Middlewares/Third_Party/FreeRTOS/Source/tasks.o
 .text.prvInitialiseTaskLists
                0x0800640c       0x80 ./Middlewares/Third_Party/FreeRTOS/Source/tasks.o
 .text.prvCheckTasksWaitingTermination
                0x0800648c       0x5c ./Middlewares/Third_Party/FreeRTOS/Source/tasks.o
 .text.prvDeleteTCB
                0x080064e8       0x60 ./Middlewares/Third_Party/FreeRTOS/Source/tasks.o
 .text.prvResetNextTaskUnblockTime
                0x08006548       0x40 ./Middlewares/Third_Party/FreeRTOS/Source/tasks.o
 .text.xTaskGetCurrentTaskHandle
                0x08006588       0x1c ./Middlewares/Third_Party/FreeRTOS/Source/tasks.o
                0x08006588                xTaskGetCurrentTaskHandle
 .text.xTaskGetSchedulerState
                0x080065a4       0x3c ./Middlewares/Third_Party/FreeRTOS/Source/tasks.o
                0x080065a4                xTaskGetSchedulerState
 .text.xTaskPriorityDisinherit
                0x080065e0       0xe0 ./Middlewares/Third_Party/FreeRTOS/Source/tasks.o
                0x080065e0                xTaskPriorityDisinherit
 .text.ulTaskNotifyTake
                0x080066c0       0x90 ./Middlewares/Third_Party/FreeRTOS/Source/tasks.o
                0x080066c0                ulTaskNotifyTake
 .text.xTaskGenericNotify
                0x08006750      0x174 ./Middlewares/Third_Party/FreeRTOS/Source/tasks.o
                0x08006750                xTaskGenericNotify
 .text.vTaskNotifyGiveFromISR
                0x080068c4      0x128 ./Middlewares/Third_Party/FreeRTOS/Source/tasks.o
                0x080068c4                vTaskNotifyGiveFromISR
 .text.prvAddCurrentTaskToDelayedList
                0x080069ec       0xa8 ./Middlewares/Third_Party/FreeRTOS/Source/tasks.o
 .text.xTimerCreateTimerTask
                0x08006a94       0x94 ./Middlewares/Third_Party/FreeRTOS/Source/timers.o
                0x08006a94                xTimerCreateTimerTask
 .text.xTimerGenericCommand
                0x08006b28       0x9c ./Middlewares/Third_Party/FreeRTOS/Source/timers.o
                0x08006b28                xTimerGenericCommand
 .text.prvProcessExpiredTimer
                0x08006bc4       0x9c ./Middlewares/Third_Party/FreeRTOS/Source/timers.o
 .text.prvTimerTask
                0x08006c60       0x26 ./Middlewares/Third_Party/FreeRTOS/Source/timers.o
 *fill*         0x08006c86        0x2 
 .text.prvProcessTimerOrBlockTask
                0x08006c88       0x9c ./Middlewares/Third_Party/FreeRTOS/Source/timers.o
 .text.prvGetNextExpireTime
                0x08006d24       0x44 ./Middlewares/Third_Party/FreeRTOS/Source/timers.o
 .text.prvSampleTimeNow
                0x08006d68       0x40 ./Middlewares/Third_Party/FreeRTOS/Source/timers.o
 .text.prvInsertTimerInActiveList
                0x08006da8       0x84 ./Middlewares/Third_Party/FreeRTOS/Source/timers.o
 .text.prvProcessReceivedCommands
                0x08006e2c      0x1cc ./Middlewares/Third_Party/FreeRTOS/Source/timers.o
 .text.prvSwitchTimerLists
                0x08006ff8       0xcc ./Middlewares/Third_Party/FreeRTOS/Source/timers.o
 .text.prvCheckForValidListAndQueue
                0x080070c4       0x80 ./Middlewares/Third_Party/FreeRTOS/Source/timers.o
 .text.pxPortInitialiseStack
                0x08007144       0x58 ./Middlewares/Third_Party/FreeRTOS/Source/portable/GCC/ARM_CM3/port.o
                0x08007144                pxPortInitialiseStack
 .text.prvTaskExitError
                0x0800719c       0x58 ./Middlewares/Third_Party/FreeRTOS/Source/portable/GCC/ARM_CM3/port.o
 *fill*         0x080071f4        0xc 
 .text.SVC_Handler
                0x08007200       0x28 ./Middlewares/Third_Party/FreeRTOS/Source/portable/GCC/ARM_CM3/port.o
                0x08007200                SVC_Handler
 .text.prvPortStartFirstTask
                0x08007228       0x20 ./Middlewares/Third_Party/FreeRTOS/Source/portable/GCC/ARM_CM3/port.o
 .text.xPortStartScheduler
                0x08007248       0xe4 ./Middlewares/Third_Party/FreeRTOS/Source/portable/GCC/ARM_CM3/port.o
                0x08007248                xPortStartScheduler
 .text.vPortEnterCritical
                0x0800732c       0x60 ./Middlewares/Third_Party/FreeRTOS/Source/portable/GCC/ARM_CM3/port.o
                0x0800732c                vPortEnterCritical
 .text.vPortExitCritical
                0x0800738c       0x54 ./Middlewares/Third_Party/FreeRTOS/Source/portable/GCC/ARM_CM3/port.o
                0x0800738c                vPortExitCritical
 .text.PendSV_Handler
                0x080073e0       0x48 ./Middlewares/Third_Party/FreeRTOS/Source/portable/GCC/ARM_CM3/port.o
                0x080073e0                PendSV_Handler
 .text.xPortSysTickHandler
                0x08007428       0x44 ./Middlewares/Third_Party/FreeRTOS/Source/portable/GCC/ARM_CM3/port.o
                0x08007428                xPortSysTickHandler
 .text.vPortSetupTimerInterrupt
                0x0800746c       0x44 ./Middlewares/Third_Party/FreeRTOS/Source/portable/GCC/ARM_CM3/port.o
                0x0800746c                vPortSetupTimerInterrupt
 .text.vPortValidateInterruptPriority
                0x080074b0       0x80 ./Middlewares/Third_Party/FreeRTOS/Source/portable/GCC/ARM_CM3/port.o
                0x080074b0                vPortValidateInterruptPriority
 .text.pvPortMalloc
                0x08007530      0x19c ./Middlewares/Third_Party/FreeRTOS/Source/portable/MemMang/heap_4.o
                0x08007530                pvPortMalloc
 .text.vPortFree
                0x080076cc       0xc8 ./Middlewares/Third_Party/FreeRTOS/Source/portable/MemMang/heap_4.o
                0x080076cc                vPortFree
 .text.prvHeapInit
                0x08007794       0xc4 ./Middlewares/Third_Party/FreeRTOS/Source/portable/MemMang/heap_4.o
 .text.prvInsertBlockIntoFreeList
                0x08007858       0xb0 ./Middlewares/Third_Party/FreeRTOS/Source/portable/MemMang/heap_4.o
 .text.malloc   0x08007908       0x10 D:/Data/STM32Ide/STM32CubeIDE_1.19.0/STM32CubeIDE/plugins/com.st.stm32cube.ide.mcu.externaltools.gnu-tools-for-stm32.13.3.rel1.win32_1.0.0.202411081344/tools/bin/../lib/gcc/arm-none-eabi/13.3.1/../../../../arm-none-eabi/lib/thumb/v7-m/nofp\libc_nano.a(libc_a-malloc.o)
                0x08007908                malloc
 .text.sbrk_aligned
                0x08007918       0x44 D:/Data/STM32Ide/STM32CubeIDE_1.19.0/STM32CubeIDE/plugins/com.st.stm32cube.ide.mcu.externaltools.gnu-tools-for-stm32.13.3.rel1.win32_1.0.0.202411081344/tools/bin/../lib/gcc/arm-none-eabi/13.3.1/../../../../arm-none-eabi/lib/thumb/v7-m/nofp\libc_nano.a(libc_a-mallocr.o)
 .text._malloc_r
                0x0800795c      0x100 D:/Data/STM32Ide/STM32CubeIDE_1.19.0/STM32CubeIDE/plugins/com.st.stm32cube.ide.mcu.externaltools.gnu-tools-for-stm32.13.3.rel1.win32_1.0.0.202411081344/tools/bin/../lib/gcc/arm-none-eabi/13.3.1/../../../../arm-none-eabi/lib/thumb/v7-m/nofp\libc_nano.a(libc_a-mallocr.o)
                0x0800795c                _malloc_r
 .text.__malloc_lock
                0x08007a5c        0xc D:/Data/STM32Ide/STM32CubeIDE_1.19.0/STM32CubeIDE/plugins/com.st.stm32cube.ide.mcu.externaltools.gnu-tools-for-stm32.13.3.rel1.win32_1.0.0.202411081344/tools/bin/../lib/gcc/arm-none-eabi/13.3.1/../../../../arm-none-eabi/lib/thumb/v7-m/nofp\libc_nano.a(libc_a-mlock.o)
                0x08007a5c                __malloc_lock
 .text.__malloc_unlock
                0x08007a68        0xc D:/Data/STM32Ide/STM32CubeIDE_1.19.0/STM32CubeIDE/plugins/com.st.stm32cube.ide.mcu.externaltools.gnu-tools-for-stm32.13.3.rel1.win32_1.0.0.202411081344/tools/bin/../lib/gcc/arm-none-eabi/13.3.1/../../../../arm-none-eabi/lib/thumb/v7-m/nofp\libc_nano.a(libc_a-mlock.o)
                0x08007a68                __malloc_unlock
 .text.memset   0x08007a74       0x10 D:/Data/STM32Ide/STM32CubeIDE_1.19.0/STM32CubeIDE/plugins/com.st.stm32cube.ide.mcu.externaltools.gnu-tools-for-stm32.13.3.rel1.win32_1.0.0.202411081344/tools/bin/../lib/gcc/arm-none-eabi/13.3.1/../../../../arm-none-eabi/lib/thumb/v7-m/nofp\libc_nano.a(libc_a-memset.o)
                0x08007a74                memset
 .text._sbrk_r  0x08007a84       0x20 D:/Data/STM32Ide/STM32CubeIDE_1.19.0/STM32CubeIDE/plugins/com.st.stm32cube.ide.mcu.externaltools.gnu-tools-for-stm32.13.3.rel1.win32_1.0.0.202411081344/tools/bin/../lib/gcc/arm-none-eabi/13.3.1/../../../../arm-none-eabi/lib/thumb/v7-m/nofp\libc_nano.a(libc_a-sbrkr.o)
                0x08007a84                _sbrk_r
 .text.__errno  0x08007aa4        0xc D:/Data/STM32Ide/STM32CubeIDE_1.19.0/STM32CubeIDE/plugins/com.st.stm32cube.ide.mcu.externaltools.gnu-tools-for-stm32.13.3.rel1.win32_1.0.0.202411081344/tools/bin/../lib/gcc/arm-none-eabi/13.3.1/../../../../arm-none-eabi/lib/thumb/v7-m/nofp\libc_nano.a(libc_a-errno.o)
                0x08007aa4                __errno
 .text.__libc_init_array
                0x08007ab0       0x48 D:/Data/STM32Ide/STM32CubeIDE_1.19.0/STM32CubeIDE/plugins/com.st.stm32cube.ide.mcu.externaltools.gnu-tools-for-stm32.13.3.rel1.win32_1.0.0.202411081344/tools/bin/../lib/gcc/arm-none-eabi/13.3.1/../../../../arm-none-eabi/lib/thumb/v7-m/nofp\libc_nano.a(libc_a-init.o)
                0x08007ab0                __libc_init_array
 .text.__retarget_lock_acquire_recursive
                0x08007af8        0x2 D:/Data/STM32Ide/STM32CubeIDE_1.19.0/STM32CubeIDE/plugins/com.st.stm32cube.ide.mcu.externaltools.gnu-tools-for-stm32.13.3.rel1.win32_1.0.0.202411081344/tools/bin/../lib/gcc/arm-none-eabi/13.3.1/../../../../arm-none-eabi/lib/thumb/v7-m/nofp\libc_nano.a(libc_a-lock.o)
                0x08007af8                __retarget_lock_acquire_recursive
 .text.__retarget_lock_release_recursive
                0x08007afa        0x2 D:/Data/STM32Ide/STM32CubeIDE_1.19.0/STM32CubeIDE/plugins/com.st.stm32cube.ide.mcu.externaltools.gnu-tools-for-stm32.13.3.rel1.win32_1.0.0.202411081344/tools/bin/../lib/gcc/arm-none-eabi/13.3.1/../../../../arm-none-eabi/lib/thumb/v7-m/nofp\libc_nano.a(libc_a-lock.o)
                0x08007afa                __retarget_lock_release_recursive
 .text.memcpy   0x08007afc       0x1c D:/Data/STM32Ide/STM32CubeIDE_1.19.0/STM32CubeIDE/plugins/com.st.stm32cube.ide.mcu.externaltools.gnu-tools-for-stm32.13.3.rel1.win32_1.0.0.202411081344/tools/bin/../lib/gcc/arm-none-eabi/13.3.1/../../../../arm-none-eabi/lib/thumb/v7-m/nofp\libc_nano.a(libc_a-memcpy-stub.o)
                0x08007afc                memcpy
 *(.glue_7)
 .glue_7        0x08007b18        0x0 linker stubs
 *(.glue_7t)
 .glue_7t       0x08007b18        0x0 linker stubs
 *(.eh_frame)
 .eh_frame      0x08007b18        0x0 D:/Data/STM32Ide/STM32CubeIDE_1.19.0/STM32CubeIDE/plugins/com.st.stm32cube.ide.mcu.externaltools.gnu-tools-for-stm32.13.3.rel1.win32_1.0.0.202411081344/tools/bin/../lib/gcc/arm-none-eabi/13.3.1/thumb/v7-m/nofp/crtbegin.o
 *(.init)
 .init          0x08007b18        0x4 D:/Data/STM32Ide/STM32CubeIDE_1.19.0/STM32CubeIDE/plugins/com.st.stm32cube.ide.mcu.externaltools.gnu-tools-for-stm32.13.3.rel1.win32_1.0.0.202411081344/tools/bin/../lib/gcc/arm-none-eabi/13.3.1/thumb/v7-m/nofp/crti.o
                0x08007b18                _init
 .init          0x08007b1c        0x8 D:/Data/STM32Ide/STM32CubeIDE_1.19.0/STM32CubeIDE/plugins/com.st.stm32cube.ide.mcu.externaltools.gnu-tools-for-stm32.13.3.rel1.win32_1.0.0.202411081344/tools/bin/../lib/gcc/arm-none-eabi/13.3.1/thumb/v7-m/nofp/crtn.o
 *(.fini)
 .fini          0x08007b24        0x4 D:/Data/STM32Ide/STM32CubeIDE_1.19.0/STM32CubeIDE/plugins/com.st.stm32cube.ide.mcu.externaltools.gnu-tools-for-stm32.13.3.rel1.win32_1.0.0.202411081344/tools/bin/../lib/gcc/arm-none-eabi/13.3.1/thumb/v7-m/nofp/crti.o
                0x08007b24                _fini
 .fini          0x08007b28        0x8 D:/Data/STM32Ide/STM32CubeIDE_1.19.0/STM32CubeIDE/plugins/com.st.stm32cube.ide.mcu.externaltools.gnu-tools-for-stm32.13.3.rel1.win32_1.0.0.202411081344/tools/bin/../lib/gcc/arm-none-eabi/13.3.1/thumb/v7-m/nofp/crtn.o
                0x08007b30                        . = ALIGN (0x4)
                0x08007b30                        _etext = .

.vfp11_veneer   0x08007b30        0x0
 .vfp11_veneer  0x08007b30        0x0 linker stubs

.v4_bx          0x08007b30        0x0
 .v4_bx         0x08007b30        0x0 linker stubs

.iplt           0x08007b30        0x0
 .iplt          0x08007b30        0x0 D:/Data/STM32Ide/STM32CubeIDE_1.19.0/STM32CubeIDE/plugins/com.st.stm32cube.ide.mcu.externaltools.gnu-tools-for-stm32.13.3.rel1.win32_1.0.0.202411081344/tools/bin/../lib/gcc/arm-none-eabi/13.3.1/thumb/v7-m/nofp/crtbegin.o

.rodata         0x08007b30      0x5c8
                0x08007b30                        . = ALIGN (0x4)
 *(.rodata)
 .rodata        0x08007b30       0x42 ./Core/Src/main.o
 *fill*         0x08007b72        0x2 
 .rodata        0x08007b74        0x5 ./Middlewares/Third_Party/FreeRTOS/Source/tasks.o
 *fill*         0x08007b79        0x3 
 .rodata        0x08007b7c        0xd ./Middlewares/Third_Party/FreeRTOS/Source/timers.o
 *(.rodata*)
 *fill*         0x08007b89        0x3 
 .rodata.asciiBitMap
                0x08007b8c      0x500 ./Core/Graphics/Src/Graphics.o
 .rodata.AcquitsittionHa_attributes
                0x0800808c       0x24 ./Core/Src/main.o
                0x0800808c                AcquitsittionHa_attributes
 .rodata.UiHandleTask_attributes
                0x080080b0       0x24 ./Core/Src/main.o
                0x080080b0                UiHandleTask_attributes
 .rodata.AHBPrescTable
                0x080080d4       0x10 ./Core/Src/system_stm32f1xx.o
                0x080080d4                AHBPrescTable
 .rodata.aPLLMULFactorTable.1
                0x080080e4       0x10 ./Drivers/STM32F1xx_HAL_Driver/Src/stm32f1xx_hal_rcc.o
 .rodata.aPredivFactorTable.0
                0x080080f4        0x2 ./Drivers/STM32F1xx_HAL_Driver/Src/stm32f1xx_hal_rcc.o
                0x080080f8                        . = ALIGN (0x4)
 *fill*         0x080080f6        0x2 

.ARM.extab      0x080080f8        0x0
                0x080080f8                        . = ALIGN (0x4)
 *(.ARM.extab* .gnu.linkonce.armextab.*)
                0x080080f8                        . = ALIGN (0x4)

.ARM            0x080080f8        0x8
                0x080080f8                        . = ALIGN (0x4)
                0x080080f8                        __exidx_start = .
 *(.ARM.exidx*)
 .ARM.exidx     0x080080f8        0x8 D:/Data/STM32Ide/STM32CubeIDE_1.19.0/STM32CubeIDE/plugins/com.st.stm32cube.ide.mcu.externaltools.gnu-tools-for-stm32.13.3.rel1.win32_1.0.0.202411081344/tools/bin/../lib/gcc/arm-none-eabi/13.3.1/../../../../arm-none-eabi/lib/thumb/v7-m/nofp\libc_nano.a(libc_a-strlen.o)
                0x08008100                        __exidx_end = .
                0x08008100                        . = ALIGN (0x4)

.preinit_array  0x08008100        0x0
                0x08008100                        . = ALIGN (0x4)
                0x08008100                        PROVIDE (__preinit_array_start = .)
 *(.preinit_array*)
                0x08008100                        PROVIDE (__preinit_array_end = .)
                0x08008100                        . = ALIGN (0x4)

.init_array     0x08008100        0x4
                0x08008100                        . = ALIGN (0x4)
                0x08008100                        PROVIDE (__init_array_start = .)
 *(SORT_BY_NAME(.init_array.*))
 *(.init_array*)
 .init_array    0x08008100        0x4 D:/Data/STM32Ide/STM32CubeIDE_1.19.0/STM32CubeIDE/plugins/com.st.stm32cube.ide.mcu.externaltools.gnu-tools-for-stm32.13.3.rel1.win32_1.0.0.202411081344/tools/bin/../lib/gcc/arm-none-eabi/13.3.1/thumb/v7-m/nofp/crtbegin.o
                0x08008104                        PROVIDE (__init_array_end = .)
                0x08008104                        . = ALIGN (0x4)

.fini_array     0x08008104        0x4
                0x08008104                        . = ALIGN (0x4)
                [!provide]                        PROVIDE (__fini_array_start = .)
 *(SORT_BY_NAME(.fini_array.*))
 *(.fini_array*)
 .fini_array    0x08008104        0x4 D:/Data/STM32Ide/STM32CubeIDE_1.19.0/STM32CubeIDE/plugins/com.st.stm32cube.ide.mcu.externaltools.gnu-tools-for-stm32.13.3.rel1.win32_1.0.0.202411081344/tools/bin/../lib/gcc/arm-none-eabi/13.3.1/thumb/v7-m/nofp/crtbegin.o
                [!provide]                        PROVIDE (__fini_array_end = .)
                0x08008108                        . = ALIGN (0x4)
                0x08008108                        _sidata = LOADADDR (.data)

.rel.dyn        0x08008108        0x0
 .rel.iplt      0x08008108        0x0 D:/Data/STM32Ide/STM32CubeIDE_1.19.0/STM32CubeIDE/plugins/com.st.stm32cube.ide.mcu.externaltools.gnu-tools-for-stm32.13.3.rel1.win32_1.0.0.202411081344/tools/bin/../lib/gcc/arm-none-eabi/13.3.1/thumb/v7-m/nofp/crtbegin.o

.data           0x20000000       0x60 load address 0x08008108
                0x20000000                        . = ALIGN (0x4)
                0x20000000                        _sdata = .
 *(.data)
 *(.data*)
 .data.SystemCoreClock
                0x20000000        0x4 ./Core/Src/system_stm32f1xx.o
                0x20000000                SystemCoreClock
 .data.uwTickPrio
                0x20000004        0x4 ./Drivers/STM32F1xx_HAL_Driver/Src/stm32f1xx_hal.o
                0x20000004                uwTickPrio
 .data.uwTickFreq
                0x20000008        0x1 ./Drivers/STM32F1xx_HAL_Driver/Src/stm32f1xx_hal.o
                0x20000008                uwTickFreq
 *fill*         0x20000009        0x3 
 .data.uxCriticalNesting
                0x2000000c        0x4 ./Middlewares/Third_Party/FreeRTOS/Source/portable/GCC/ARM_CM3/port.o
 .data._impure_ptr
                0x20000010        0x4 D:/Data/STM32Ide/STM32CubeIDE_1.19.0/STM32CubeIDE/plugins/com.st.stm32cube.ide.mcu.externaltools.gnu-tools-for-stm32.13.3.rel1.win32_1.0.0.202411081344/tools/bin/../lib/gcc/arm-none-eabi/13.3.1/../../../../arm-none-eabi/lib/thumb/v7-m/nofp\libc_nano.a(libc_a-impure.o)
                0x20000010                _impure_ptr
 .data._impure_data
                0x20000014       0x4c D:/Data/STM32Ide/STM32CubeIDE_1.19.0/STM32CubeIDE/plugins/com.st.stm32cube.ide.mcu.externaltools.gnu-tools-for-stm32.13.3.rel1.win32_1.0.0.202411081344/tools/bin/../lib/gcc/arm-none-eabi/13.3.1/../../../../arm-none-eabi/lib/thumb/v7-m/nofp\libc_nano.a(libc_a-impure.o)
                0x20000014                _impure_data
 *(.RamFunc)
 *(.RamFunc*)
                0x20000060                        . = ALIGN (0x4)
                0x20000060                        _edata = .

.igot.plt       0x20000060        0x0 load address 0x08008168
 .igot.plt      0x20000060        0x0 D:/Data/STM32Ide/STM32CubeIDE_1.19.0/STM32CubeIDE/plugins/com.st.stm32cube.ide.mcu.externaltools.gnu-tools-for-stm32.13.3.rel1.win32_1.0.0.202411081344/tools/bin/../lib/gcc/arm-none-eabi/13.3.1/thumb/v7-m/nofp/crtbegin.o
                0x20000060                        . = ALIGN (0x4)

.bss            0x20000060     0x2880 load address 0x08008168
                0x20000060                        _sbss = .
                0x20000060                        __bss_start__ = _sbss
 *(.bss)
 .bss           0x20000060       0x1c D:/Data/STM32Ide/STM32CubeIDE_1.19.0/STM32CubeIDE/plugins/com.st.stm32cube.ide.mcu.externaltools.gnu-tools-for-stm32.13.3.rel1.win32_1.0.0.202411081344/tools/bin/../lib/gcc/arm-none-eabi/13.3.1/thumb/v7-m/nofp/crtbegin.o
 *(.bss*)
 .bss.uintManager
                0x2000007c       0x10 ./Core/Acquisition/Src/acquisition.o
 .bss.bufferManager
                0x2000008c       0x20 ./Core/Acquisition/Src/acquisition.o
 .bss.hadc3     0x200000ac       0x30 ./Core/Src/main.o
                0x200000ac                hadc3
 .bss.hdma_adc3
                0x200000dc       0x44 ./Core/Src/main.o
                0x200000dc                hdma_adc3
 .bss.hspi1     0x20000120       0x58 ./Core/Src/main.o
                0x20000120                hspi1
 .bss.hdma_spi1_tx
                0x20000178       0x44 ./Core/Src/main.o
                0x20000178                hdma_spi1_tx
 .bss.htim2     0x200001bc       0x48 ./Core/Src/main.o
                0x200001bc                htim2
 .bss.AcquitsittionHaHandle
                0x20000204        0x4 ./Core/Src/main.o
                0x20000204                AcquitsittionHaHandle
 .bss.UiHandleTaskHandle
                0x20000208        0x4 ./Core/Src/main.o
                0x20000208                UiHandleTaskHandle
 .bss.tft7789   0x2000020c       0x1c ./Core/Src/main.o
                0x2000020c                tft7789
 .bss.timePerDiv
                0x20000228        0x2 ./Core/Src/main.o
                0x20000228                timePerDiv
 *fill*         0x2000022a        0x2 
 .bss.__sbrk_heap_end
                0x2000022c        0x4 ./Core/Src/sysmem.o
 .bss.st7789config
                0x20000230       0x14 ./Drivers/ST7789/Src/St7789.o
                0x20000230                st7789config
 .bss.uwTick    0x20000244        0x4 ./Drivers/STM32F1xx_HAL_Driver/Src/stm32f1xx_hal.o
                0x20000244                uwTick
 .bss.KernelState
                0x20000248        0x4 ./Middlewares/Third_Party/FreeRTOS/Source/CMSIS_RTOS_V2/cmsis_os2.o
 .bss.Idle_TCB.3
                0x2000024c       0x5c ./Middlewares/Third_Party/FreeRTOS/Source/CMSIS_RTOS_V2/cmsis_os2.o
 .bss.Idle_Stack.2
                0x200002a8      0x200 ./Middlewares/Third_Party/FreeRTOS/Source/CMSIS_RTOS_V2/cmsis_os2.o
 .bss.Timer_TCB.1
                0x200004a8       0x5c ./Middlewares/Third_Party/FreeRTOS/Source/CMSIS_RTOS_V2/cmsis_os2.o
 .bss.Timer_Stack.0
                0x20000504      0x400 ./Middlewares/Third_Party/FreeRTOS/Source/CMSIS_RTOS_V2/cmsis_os2.o
 .bss.xQueueRegistry
                0x20000904       0x40 ./Middlewares/Third_Party/FreeRTOS/Source/queue.o
                0x20000904                xQueueRegistry
 .bss.pxCurrentTCB
                0x20000944        0x4 ./Middlewares/Third_Party/FreeRTOS/Source/tasks.o
                0x20000944                pxCurrentTCB
 .bss.pxReadyTasksLists
                0x20000948      0x460 ./Middlewares/Third_Party/FreeRTOS/Source/tasks.o
 .bss.xDelayedTaskList1
                0x20000da8       0x14 ./Middlewares/Third_Party/FreeRTOS/Source/tasks.o
 .bss.xDelayedTaskList2
                0x20000dbc       0x14 ./Middlewares/Third_Party/FreeRTOS/Source/tasks.o
 .bss.pxDelayedTaskList
                0x20000dd0        0x4 ./Middlewares/Third_Party/FreeRTOS/Source/tasks.o
 .bss.pxOverflowDelayedTaskList
                0x20000dd4        0x4 ./Middlewares/Third_Party/FreeRTOS/Source/tasks.o
 .bss.xPendingReadyList
                0x20000dd8       0x14 ./Middlewares/Third_Party/FreeRTOS/Source/tasks.o
 .bss.xTasksWaitingTermination
                0x20000dec       0x14 ./Middlewares/Third_Party/FreeRTOS/Source/tasks.o
 .bss.uxDeletedTasksWaitingCleanUp
                0x20000e00        0x4 ./Middlewares/Third_Party/FreeRTOS/Source/tasks.o
 .bss.xSuspendedTaskList
                0x20000e04       0x14 ./Middlewares/Third_Party/FreeRTOS/Source/tasks.o
 .bss.uxCurrentNumberOfTasks
                0x20000e18        0x4 ./Middlewares/Third_Party/FreeRTOS/Source/tasks.o
 .bss.xTickCount
                0x20000e1c        0x4 ./Middlewares/Third_Party/FreeRTOS/Source/tasks.o
 .bss.uxTopReadyPriority
                0x20000e20        0x4 ./Middlewares/Third_Party/FreeRTOS/Source/tasks.o
 .bss.xSchedulerRunning
                0x20000e24        0x4 ./Middlewares/Third_Party/FreeRTOS/Source/tasks.o
 .bss.xPendedTicks
                0x20000e28        0x4 ./Middlewares/Third_Party/FreeRTOS/Source/tasks.o
 .bss.xYieldPending
                0x20000e2c        0x4 ./Middlewares/Third_Party/FreeRTOS/Source/tasks.o
 .bss.xNumOfOverflows
                0x20000e30        0x4 ./Middlewares/Third_Party/FreeRTOS/Source/tasks.o
 .bss.uxTaskNumber
                0x20000e34        0x4 ./Middlewares/Third_Party/FreeRTOS/Source/tasks.o
 .bss.xNextTaskUnblockTime
                0x20000e38        0x4 ./Middlewares/Third_Party/FreeRTOS/Source/tasks.o
 .bss.xIdleTaskHandle
                0x20000e3c        0x4 ./Middlewares/Third_Party/FreeRTOS/Source/tasks.o
 .bss.uxSchedulerSuspended
                0x20000e40        0x4 ./Middlewares/Third_Party/FreeRTOS/Source/tasks.o
 .bss.xActiveTimerList1
                0x20000e44       0x14 ./Middlewares/Third_Party/FreeRTOS/Source/timers.o
 .bss.xActiveTimerList2
                0x20000e58       0x14 ./Middlewares/Third_Party/FreeRTOS/Source/timers.o
 .bss.pxCurrentTimerList
                0x20000e6c        0x4 ./Middlewares/Third_Party/FreeRTOS/Source/timers.o
 .bss.pxOverflowTimerList
                0x20000e70        0x4 ./Middlewares/Third_Party/FreeRTOS/Source/timers.o
 .bss.xTimerQueue
                0x20000e74        0x4 ./Middlewares/Third_Party/FreeRTOS/Source/timers.o
 .bss.xTimerTaskHandle
                0x20000e78        0x4 ./Middlewares/Third_Party/FreeRTOS/Source/timers.o
 .bss.xLastTime.2
                0x20000e7c        0x4 ./Middlewares/Third_Party/FreeRTOS/Source/timers.o
 .bss.ucStaticTimerQueueStorage.1
                0x20000e80       0xa0 ./Middlewares/Third_Party/FreeRTOS/Source/timers.o
 .bss.xStaticTimerQueue.0
                0x20000f20       0x50 ./Middlewares/Third_Party/FreeRTOS/Source/timers.o
 .bss.ucMaxSysCallPriority
                0x20000f70        0x1 ./Middlewares/Third_Party/FreeRTOS/Source/portable/GCC/ARM_CM3/port.o
 *fill*         0x20000f71        0x3 
 .bss.ulMaxPRIGROUPValue
                0x20000f74        0x4 ./Middlewares/Third_Party/FreeRTOS/Source/portable/GCC/ARM_CM3/port.o
 .bss.ucHeap    0x20000f78     0x1800 ./Middlewares/Third_Party/FreeRTOS/Source/portable/MemMang/heap_4.o
 .bss.xStart    0x20002778        0x8 ./Middlewares/Third_Party/FreeRTOS/Source/portable/MemMang/heap_4.o
 .bss.pxEnd     0x20002780        0x4 ./Middlewares/Third_Party/FreeRTOS/Source/portable/MemMang/heap_4.o
 .bss.xFreeBytesRemaining
                0x20002784        0x4 ./Middlewares/Third_Party/FreeRTOS/Source/portable/MemMang/heap_4.o
 .bss.xMinimumEverFreeBytesRemaining
                0x20002788        0x4 ./Middlewares/Third_Party/FreeRTOS/Source/portable/MemMang/heap_4.o
 .bss.xNumberOfSuccessfulAllocations
                0x2000278c        0x4 ./Middlewares/Third_Party/FreeRTOS/Source/portable/MemMang/heap_4.o
 .bss.xNumberOfSuccessfulFrees
                0x20002790        0x4 ./Middlewares/Third_Party/FreeRTOS/Source/portable/MemMang/heap_4.o
 .bss.xBlockAllocatedBit
                0x20002794        0x4 ./Middlewares/Third_Party/FreeRTOS/Source/portable/MemMang/heap_4.o
 .bss.__malloc_sbrk_start
                0x20002798        0x4 D:/Data/STM32Ide/STM32CubeIDE_1.19.0/STM32CubeIDE/plugins/com.st.stm32cube.ide.mcu.externaltools.gnu-tools-for-stm32.13.3.rel1.win32_1.0.0.202411081344/tools/bin/../lib/gcc/arm-none-eabi/13.3.1/../../../../arm-none-eabi/lib/thumb/v7-m/nofp\libc_nano.a(libc_a-mallocr.o)
                0x20002798                __malloc_sbrk_start
 .bss.__malloc_free_list
                0x2000279c        0x4 D:/Data/STM32Ide/STM32CubeIDE_1.19.0/STM32CubeIDE/plugins/com.st.stm32cube.ide.mcu.externaltools.gnu-tools-for-stm32.13.3.rel1.win32_1.0.0.202411081344/tools/bin/../lib/gcc/arm-none-eabi/13.3.1/../../../../arm-none-eabi/lib/thumb/v7-m/nofp\libc_nano.a(libc_a-mallocr.o)
                0x2000279c                __malloc_free_list
 .bss.__sf      0x200027a0      0x138 D:/Data/STM32Ide/STM32CubeIDE_1.19.0/STM32CubeIDE/plugins/com.st.stm32cube.ide.mcu.externaltools.gnu-tools-for-stm32.13.3.rel1.win32_1.0.0.202411081344/tools/bin/../lib/gcc/arm-none-eabi/13.3.1/../../../../arm-none-eabi/lib/thumb/v7-m/nofp\libc_nano.a(libc_a-findfp.o)
                0x200027a0                __sf
 .bss.errno     0x200028d8        0x4 D:/Data/STM32Ide/STM32CubeIDE_1.19.0/STM32CubeIDE/plugins/com.st.stm32cube.ide.mcu.externaltools.gnu-tools-for-stm32.13.3.rel1.win32_1.0.0.202411081344/tools/bin/../lib/gcc/arm-none-eabi/13.3.1/../../../../arm-none-eabi/lib/thumb/v7-m/nofp\libc_nano.a(libc_a-reent.o)
                0x200028d8                errno
 .bss.__lock___malloc_recursive_mutex
                0x200028dc        0x1 D:/Data/STM32Ide/STM32CubeIDE_1.19.0/STM32CubeIDE/plugins/com.st.stm32cube.ide.mcu.externaltools.gnu-tools-for-stm32.13.3.rel1.win32_1.0.0.202411081344/tools/bin/../lib/gcc/arm-none-eabi/13.3.1/../../../../arm-none-eabi/lib/thumb/v7-m/nofp\libc_nano.a(libc_a-lock.o)
                0x200028dc                __lock___malloc_recursive_mutex
 *(COMMON)
                0x200028e0                        . = ALIGN (0x4)
 *fill*         0x200028dd        0x3 
                0x200028e0                        _ebss = .
                0x200028e0                        __bss_end__ = _ebss

._user_heap_stack
                0x200028e0      0x600 load address 0x08008168
                0x200028e0                        . = ALIGN (0x8)
                [!provide]                        PROVIDE (end = .)
                0x200028e0                        PROVIDE (_end = .)
                0x20002ae0                        . = (. + _Min_Heap_Size)
 *fill*         0x200028e0      0x200 
                0x20002ee0                        . = (. + _Min_Stack_Size)
 *fill*         0x20002ae0      0x400 
                0x20002ee0                        . = ALIGN (0x8)

/DISCARD/
 libc.a(*)
 libm.a(*)
 libgcc.a(*)

.ARM.attributes
                0x00000000       0x29
 *(.ARM.attributes)
 .ARM.attributes
                0x00000000       0x1d D:/Data/STM32Ide/STM32CubeIDE_1.19.0/STM32CubeIDE/plugins/com.st.stm32cube.ide.mcu.externaltools.gnu-tools-for-stm32.13.3.rel1.win32_1.0.0.202411081344/tools/bin/../lib/gcc/arm-none-eabi/13.3.1/thumb/v7-m/nofp/crti.o
 .ARM.attributes
                0x0000001d       0x2d D:/Data/STM32Ide/STM32CubeIDE_1.19.0/STM32CubeIDE/plugins/com.st.stm32cube.ide.mcu.externaltools.gnu-tools-for-stm32.13.3.rel1.win32_1.0.0.202411081344/tools/bin/../lib/gcc/arm-none-eabi/13.3.1/thumb/v7-m/nofp/crtbegin.o
 .ARM.attributes
                0x0000004a       0x2d ./Core/Acquisition/Src/acquisition.o
 .ARM.attributes
                0x00000077       0x2d ./Core/Graphics/Src/GraphicTextWidget.o
 .ARM.attributes
                0x000000a4       0x2d ./Core/Graphics/Src/Graphics.o
 .ARM.attributes
                0x000000d1       0x2d ./Core/Src/main.o
 .ARM.attributes
                0x000000fe       0x2d ./Core/Src/stm32f1xx_hal_msp.o
 .ARM.attributes
                0x0000012b       0x2d ./Core/Src/stm32f1xx_it.o
 .ARM.attributes
                0x00000158       0x2d ./Core/Src/sysmem.o
 .ARM.attributes
                0x00000185       0x2d ./Core/Src/system_stm32f1xx.o
 .ARM.attributes
                0x000001b2       0x21 ./Core/Startup/startup_stm32f103rctx.o
 .ARM.attributes
                0x000001d3       0x2d ./Drivers/ST7789/Src/St7789.o
 .ARM.attributes
                0x00000200       0x2d ./Drivers/STM32F1xx_HAL_Driver/Src/stm32f1xx_hal.o
 .ARM.attributes
                0x0000022d       0x2d ./Drivers/STM32F1xx_HAL_Driver/Src/stm32f1xx_hal_adc.o
 .ARM.attributes
                0x0000025a       0x2d ./Drivers/STM32F1xx_HAL_Driver/Src/stm32f1xx_hal_adc_ex.o
 .ARM.attributes
                0x00000287       0x2d ./Drivers/STM32F1xx_HAL_Driver/Src/stm32f1xx_hal_cortex.o
 .ARM.attributes
                0x000002b4       0x2d ./Drivers/STM32F1xx_HAL_Driver/Src/stm32f1xx_hal_dma.o
 .ARM.attributes
                0x000002e1       0x2d ./Drivers/STM32F1xx_HAL_Driver/Src/stm32f1xx_hal_gpio.o
 .ARM.attributes
                0x0000030e       0x2d ./Drivers/STM32F1xx_HAL_Driver/Src/stm32f1xx_hal_rcc.o
 .ARM.attributes
                0x0000033b       0x2d ./Drivers/STM32F1xx_HAL_Driver/Src/stm32f1xx_hal_rcc_ex.o
 .ARM.attributes
                0x00000368       0x2d ./Drivers/STM32F1xx_HAL_Driver/Src/stm32f1xx_hal_spi.o
 .ARM.attributes
                0x00000395       0x2d ./Drivers/STM32F1xx_HAL_Driver/Src/stm32f1xx_hal_tim.o
 .ARM.attributes
                0x000003c2       0x2d ./Drivers/STM32F1xx_HAL_Driver/Src/stm32f1xx_hal_tim_ex.o
 .ARM.attributes
                0x000003ef       0x2d ./Middlewares/Third_Party/FreeRTOS/Source/CMSIS_RTOS_V2/cmsis_os2.o
 .ARM.attributes
                0x0000041c       0x2d ./Middlewares/Third_Party/FreeRTOS/Source/list.o
 .ARM.attributes
                0x00000449       0x2d ./Middlewares/Third_Party/FreeRTOS/Source/queue.o
 .ARM.attributes
                0x00000476       0x2d ./Middlewares/Third_Party/FreeRTOS/Source/tasks.o
 .ARM.attributes
                0x000004a3       0x2d ./Middlewares/Third_Party/FreeRTOS/Source/timers.o
 .ARM.attributes
                0x000004d0       0x2d ./Middlewares/Third_Party/FreeRTOS/Source/portable/GCC/ARM_CM3/port.o
 .ARM.attributes
                0x000004fd       0x2d ./Middlewares/Third_Party/FreeRTOS/Source/portable/MemMang/heap_4.o
 .ARM.attributes
                0x0000052a       0x2d D:/Data/STM32Ide/STM32CubeIDE_1.19.0/STM32CubeIDE/plugins/com.st.stm32cube.ide.mcu.externaltools.gnu-tools-for-stm32.13.3.rel1.win32_1.0.0.202411081344/tools/bin/../lib/gcc/arm-none-eabi/13.3.1/../../../../arm-none-eabi/lib/thumb/v7-m/nofp\libc_nano.a(libc_a-malloc.o)
 .ARM.attributes
                0x00000557       0x2d D:/Data/STM32Ide/STM32CubeIDE_1.19.0/STM32CubeIDE/plugins/com.st.stm32cube.ide.mcu.externaltools.gnu-tools-for-stm32.13.3.rel1.win32_1.0.0.202411081344/tools/bin/../lib/gcc/arm-none-eabi/13.3.1/../../../../arm-none-eabi/lib/thumb/v7-m/nofp\libc_nano.a(libc_a-mallocr.o)
 .ARM.attributes
                0x00000584       0x2d D:/Data/STM32Ide/STM32CubeIDE_1.19.0/STM32CubeIDE/plugins/com.st.stm32cube.ide.mcu.externaltools.gnu-tools-for-stm32.13.3.rel1.win32_1.0.0.202411081344/tools/bin/../lib/gcc/arm-none-eabi/13.3.1/../../../../arm-none-eabi/lib/thumb/v7-m/nofp\libc_nano.a(libc_a-mlock.o)
 .ARM.attributes
                0x000005b1       0x2d D:/Data/STM32Ide/STM32CubeIDE_1.19.0/STM32CubeIDE/plugins/com.st.stm32cube.ide.mcu.externaltools.gnu-tools-for-stm32.13.3.rel1.win32_1.0.0.202411081344/tools/bin/../lib/gcc/arm-none-eabi/13.3.1/../../../../arm-none-eabi/lib/thumb/v7-m/nofp\libc_nano.a(libc_a-findfp.o)
 .ARM.attributes
                0x000005de       0x2d D:/Data/STM32Ide/STM32CubeIDE_1.19.0/STM32CubeIDE/plugins/com.st.stm32cube.ide.mcu.externaltools.gnu-tools-for-stm32.13.3.rel1.win32_1.0.0.202411081344/tools/bin/../lib/gcc/arm-none-eabi/13.3.1/../../../../arm-none-eabi/lib/thumb/v7-m/nofp\libc_nano.a(libc_a-memset.o)
 .ARM.attributes
                0x0000060b       0x2d D:/Data/STM32Ide/STM32CubeIDE_1.19.0/STM32CubeIDE/plugins/com.st.stm32cube.ide.mcu.externaltools.gnu-tools-for-stm32.13.3.rel1.win32_1.0.0.202411081344/tools/bin/../lib/gcc/arm-none-eabi/13.3.1/../../../../arm-none-eabi/lib/thumb/v7-m/nofp\libc_nano.a(libc_a-reent.o)
 .ARM.attributes
                0x00000638       0x2d D:/Data/STM32Ide/STM32CubeIDE_1.19.0/STM32CubeIDE/plugins/com.st.stm32cube.ide.mcu.externaltools.gnu-tools-for-stm32.13.3.rel1.win32_1.0.0.202411081344/tools/bin/../lib/gcc/arm-none-eabi/13.3.1/../../../../arm-none-eabi/lib/thumb/v7-m/nofp\libc_nano.a(libc_a-impure.o)
 .ARM.attributes
                0x00000665       0x2d D:/Data/STM32Ide/STM32CubeIDE_1.19.0/STM32CubeIDE/plugins/com.st.stm32cube.ide.mcu.externaltools.gnu-tools-for-stm32.13.3.rel1.win32_1.0.0.202411081344/tools/bin/../lib/gcc/arm-none-eabi/13.3.1/../../../../arm-none-eabi/lib/thumb/v7-m/nofp\libc_nano.a(libc_a-sbrkr.o)
 .ARM.attributes
                0x00000692       0x2d D:/Data/STM32Ide/STM32CubeIDE_1.19.0/STM32CubeIDE/plugins/com.st.stm32cube.ide.mcu.externaltools.gnu-tools-for-stm32.13.3.rel1.win32_1.0.0.202411081344/tools/bin/../lib/gcc/arm-none-eabi/13.3.1/../../../../arm-none-eabi/lib/thumb/v7-m/nofp\libc_nano.a(libc_a-errno.o)
 .ARM.attributes
                0x000006bf       0x2d D:/Data/STM32Ide/STM32CubeIDE_1.19.0/STM32CubeIDE/plugins/com.st.stm32cube.ide.mcu.externaltools.gnu-tools-for-stm32.13.3.rel1.win32_1.0.0.202411081344/tools/bin/../lib/gcc/arm-none-eabi/13.3.1/../../../../arm-none-eabi/lib/thumb/v7-m/nofp\libc_nano.a(libc_a-init.o)
 .ARM.attributes
                0x000006ec       0x2d D:/Data/STM32Ide/STM32CubeIDE_1.19.0/STM32CubeIDE/plugins/com.st.stm32cube.ide.mcu.externaltools.gnu-tools-for-stm32.13.3.rel1.win32_1.0.0.202411081344/tools/bin/../lib/gcc/arm-none-eabi/13.3.1/../../../../arm-none-eabi/lib/thumb/v7-m/nofp\libc_nano.a(libc_a-lock.o)
 .ARM.attributes
                0x00000719       0x2d D:/Data/STM32Ide/STM32CubeIDE_1.19.0/STM32CubeIDE/plugins/com.st.stm32cube.ide.mcu.externaltools.gnu-tools-for-stm32.13.3.rel1.win32_1.0.0.202411081344/tools/bin/../lib/gcc/arm-none-eabi/13.3.1/../../../../arm-none-eabi/lib/thumb/v7-m/nofp\libc_nano.a(libc_a-memcpy-stub.o)
 .ARM.attributes
                0x00000746       0x17 D:/Data/STM32Ide/STM32CubeIDE_1.19.0/STM32CubeIDE/plugins/com.st.stm32cube.ide.mcu.externaltools.gnu-tools-for-stm32.13.3.rel1.win32_1.0.0.202411081344/tools/bin/../lib/gcc/arm-none-eabi/13.3.1/../../../../arm-none-eabi/lib/thumb/v7-m/nofp\libc_nano.a(libc_a-strlen.o)
 .ARM.attributes
                0x0000075d       0x1d D:/Data/STM32Ide/STM32CubeIDE_1.19.0/STM32CubeIDE/plugins/com.st.stm32cube.ide.mcu.externaltools.gnu-tools-for-stm32.13.3.rel1.win32_1.0.0.202411081344/tools/bin/../lib/gcc/arm-none-eabi/13.3.1/thumb/v7-m/nofp/crtn.o
OUTPUT(Stm32_Digital_Storage_Oscilloscope_Basic.elf elf32-littlearm)
LOAD linker stubs
LOAD D:/Data/STM32Ide/STM32CubeIDE_1.19.0/STM32CubeIDE/plugins/com.st.stm32cube.ide.mcu.externaltools.gnu-tools-for-stm32.13.3.rel1.win32_1.0.0.202411081344/tools/bin/../lib/gcc/arm-none-eabi/13.3.1/../../../../arm-none-eabi/lib/thumb/v7-m/nofp\libc.a
LOAD D:/Data/STM32Ide/STM32CubeIDE_1.19.0/STM32CubeIDE/plugins/com.st.stm32cube.ide.mcu.externaltools.gnu-tools-for-stm32.13.3.rel1.win32_1.0.0.202411081344/tools/bin/../lib/gcc/arm-none-eabi/13.3.1/../../../../arm-none-eabi/lib/thumb/v7-m/nofp\libm.a
LOAD D:/Data/STM32Ide/STM32CubeIDE_1.19.0/STM32CubeIDE/plugins/com.st.stm32cube.ide.mcu.externaltools.gnu-tools-for-stm32.13.3.rel1.win32_1.0.0.202411081344/tools/bin/../lib/gcc/arm-none-eabi/13.3.1/thumb/v7-m/nofp\libgcc.a

.debug_info     0x00000000    0x19890
 .debug_info    0x00000000      0xfff ./Core/Acquisition/Src/acquisition.o
 .debug_info    0x00000fff      0x8ff ./Core/Graphics/Src/GraphicTextWidget.o
 .debug_info    0x000018fe      0xed9 ./Core/Graphics/Src/Graphics.o
 .debug_info    0x000027d7     0x1e11 ./Core/Src/main.o
 .debug_info    0x000045e8     0x10ef ./Core/Src/stm32f1xx_hal_msp.o
 .debug_info    0x000056d7      0x5cc ./Core/Src/stm32f1xx_it.o
 .debug_info    0x00005ca3      0x168 ./Core/Src/sysmem.o
 .debug_info    0x00005e0b      0x222 ./Core/Src/system_stm32f1xx.o
 .debug_info    0x0000602d       0x30 ./Core/Startup/startup_stm32f103rctx.o
 .debug_info    0x0000605d      0xd34 ./Drivers/ST7789/Src/St7789.o
 .debug_info    0x00006d91      0x76a ./Drivers/STM32F1xx_HAL_Driver/Src/stm32f1xx_hal.o
 .debug_info    0x000074fb      0xc50 ./Drivers/STM32F1xx_HAL_Driver/Src/stm32f1xx_hal_adc.o
 .debug_info    0x0000814b      0xa10 ./Drivers/STM32F1xx_HAL_Driver/Src/stm32f1xx_hal_adc_ex.o
 .debug_info    0x00008b5b      0xaed ./Drivers/STM32F1xx_HAL_Driver/Src/stm32f1xx_hal_cortex.o
 .debug_info    0x00009648      0x6d2 ./Drivers/STM32F1xx_HAL_Driver/Src/stm32f1xx_hal_dma.o
 .debug_info    0x00009d1a      0x5ab ./Drivers/STM32F1xx_HAL_Driver/Src/stm32f1xx_hal_gpio.o
 .debug_info    0x0000a2c5      0x7d5 ./Drivers/STM32F1xx_HAL_Driver/Src/stm32f1xx_hal_rcc.o
 .debug_info    0x0000aa9a      0x3e9 ./Drivers/STM32F1xx_HAL_Driver/Src/stm32f1xx_hal_rcc_ex.o
 .debug_info    0x0000ae83     0x1439 ./Drivers/STM32F1xx_HAL_Driver/Src/stm32f1xx_hal_spi.o
 .debug_info    0x0000c2bc     0x2959 ./Drivers/STM32F1xx_HAL_Driver/Src/stm32f1xx_hal_tim.o
 .debug_info    0x0000ec15     0x149b ./Drivers/STM32F1xx_HAL_Driver/Src/stm32f1xx_hal_tim_ex.o
 .debug_info    0x000100b0     0x39db ./Middlewares/Third_Party/FreeRTOS/Source/CMSIS_RTOS_V2/cmsis_os2.o
 .debug_info    0x00013a8b      0x2af ./Middlewares/Third_Party/FreeRTOS/Source/list.o
 .debug_info    0x00013d3a     0x1b79 ./Middlewares/Third_Party/FreeRTOS/Source/queue.o
 .debug_info    0x000158b3     0x21ec ./Middlewares/Third_Party/FreeRTOS/Source/tasks.o
 .debug_info    0x00017a9f     0x1488 ./Middlewares/Third_Party/FreeRTOS/Source/timers.o
 .debug_info    0x00018f27      0x494 ./Middlewares/Third_Party/FreeRTOS/Source/portable/GCC/ARM_CM3/port.o
 .debug_info    0x000193bb      0x4d5 ./Middlewares/Third_Party/FreeRTOS/Source/portable/MemMang/heap_4.o

.debug_abbrev   0x00000000     0x407c
 .debug_abbrev  0x00000000      0x2c5 ./Core/Acquisition/Src/acquisition.o
 .debug_abbrev  0x000002c5      0x187 ./Core/Graphics/Src/GraphicTextWidget.o
 .debug_abbrev  0x0000044c      0x262 ./Core/Graphics/Src/Graphics.o
 .debug_abbrev  0x000006ae      0x35b ./Core/Src/main.o
 .debug_abbrev  0x00000a09      0x25e ./Core/Src/stm32f1xx_hal_msp.o
 .debug_abbrev  0x00000c67      0x1ac ./Core/Src/stm32f1xx_it.o
 .debug_abbrev  0x00000e13       0xbc ./Core/Src/sysmem.o
 .debug_abbrev  0x00000ecf      0x13f ./Core/Src/system_stm32f1xx.o
 .debug_abbrev  0x0000100e       0x24 ./Core/Startup/startup_stm32f103rctx.o
 .debug_abbrev  0x00001032      0x260 ./Drivers/ST7789/Src/St7789.o
 .debug_abbrev  0x00001292      0x201 ./Drivers/STM32F1xx_HAL_Driver/Src/stm32f1xx_hal.o
 .debug_abbrev  0x00001493      0x225 ./Drivers/STM32F1xx_HAL_Driver/Src/stm32f1xx_hal_adc.o
 .debug_abbrev  0x000016b8      0x249 ./Drivers/STM32F1xx_HAL_Driver/Src/stm32f1xx_hal_adc_ex.o
 .debug_abbrev  0x00001901      0x2f8 ./Drivers/STM32F1xx_HAL_Driver/Src/stm32f1xx_hal_cortex.o
 .debug_abbrev  0x00001bf9      0x20b ./Drivers/STM32F1xx_HAL_Driver/Src/stm32f1xx_hal_dma.o
 .debug_abbrev  0x00001e04      0x1ca ./Drivers/STM32F1xx_HAL_Driver/Src/stm32f1xx_hal_gpio.o
 .debug_abbrev  0x00001fce      0x2b3 ./Drivers/STM32F1xx_HAL_Driver/Src/stm32f1xx_hal_rcc.o
 .debug_abbrev  0x00002281      0x188 ./Drivers/STM32F1xx_HAL_Driver/Src/stm32f1xx_hal_rcc_ex.o
 .debug_abbrev  0x00002409      0x27a ./Drivers/STM32F1xx_HAL_Driver/Src/stm32f1xx_hal_spi.o
 .debug_abbrev  0x00002683      0x277 ./Drivers/STM32F1xx_HAL_Driver/Src/stm32f1xx_hal_tim.o
 .debug_abbrev  0x000028fa      0x282 ./Drivers/STM32F1xx_HAL_Driver/Src/stm32f1xx_hal_tim_ex.o
 .debug_abbrev  0x00002b7c      0x508 ./Middlewares/Third_Party/FreeRTOS/Source/CMSIS_RTOS_V2/cmsis_os2.o
 .debug_abbrev  0x00003084       0xf5 ./Middlewares/Third_Party/FreeRTOS/Source/list.o
 .debug_abbrev  0x00003179      0x3b6 ./Middlewares/Third_Party/FreeRTOS/Source/queue.o
 .debug_abbrev  0x0000352f      0x386 ./Middlewares/Third_Party/FreeRTOS/Source/tasks.o
 .debug_abbrev  0x000038b5      0x352 ./Middlewares/Third_Party/FreeRTOS/Source/timers.o
 .debug_abbrev  0x00003c07      0x258 ./Middlewares/Third_Party/FreeRTOS/Source/portable/GCC/ARM_CM3/port.o
 .debug_abbrev  0x00003e5f      0x21d ./Middlewares/Third_Party/FreeRTOS/Source/portable/MemMang/heap_4.o

.debug_aranges  0x00000000     0x1740
 .debug_aranges
                0x00000000       0xa0 ./Core/Acquisition/Src/acquisition.o
 .debug_aranges
                0x000000a0       0x20 ./Core/Graphics/Src/GraphicTextWidget.o
 .debug_aranges
                0x000000c0       0x60 ./Core/Graphics/Src/Graphics.o
 .debug_aranges
                0x00000120       0x78 ./Core/Src/main.o
 .debug_aranges
                0x00000198       0x50 ./Core/Src/stm32f1xx_hal_msp.o
 .debug_aranges
                0x000001e8       0x68 ./Core/Src/stm32f1xx_it.o
 .debug_aranges
                0x00000250       0x20 ./Core/Src/sysmem.o
 .debug_aranges
                0x00000270       0x28 ./Core/Src/system_stm32f1xx.o
 .debug_aranges
                0x00000298       0x28 ./Core/Startup/startup_stm32f103rctx.o
 .debug_aranges
                0x000002c0       0x88 ./Drivers/ST7789/Src/St7789.o
 .debug_aranges
                0x00000348       0xe0 ./Drivers/STM32F1xx_HAL_Driver/Src/stm32f1xx_hal.o
 .debug_aranges
                0x00000428       0xf0 ./Drivers/STM32F1xx_HAL_Driver/Src/stm32f1xx_hal_adc.o
 .debug_aranges
                0x00000518       0x80 ./Drivers/STM32F1xx_HAL_Driver/Src/stm32f1xx_hal_adc_ex.o
 .debug_aranges
                0x00000598      0x100 ./Drivers/STM32F1xx_HAL_Driver/Src/stm32f1xx_hal_cortex.o
 .debug_aranges
                0x00000698       0x80 ./Drivers/STM32F1xx_HAL_Driver/Src/stm32f1xx_hal_dma.o
 .debug_aranges
                0x00000718       0x58 ./Drivers/STM32F1xx_HAL_Driver/Src/stm32f1xx_hal_gpio.o
 .debug_aranges
                0x00000770       0x90 ./Drivers/STM32F1xx_HAL_Driver/Src/stm32f1xx_hal_rcc.o
 .debug_aranges
                0x00000800       0x30 ./Drivers/STM32F1xx_HAL_Driver/Src/stm32f1xx_hal_rcc_ex.o
 .debug_aranges
                0x00000830      0x1d0 ./Drivers/STM32F1xx_HAL_Driver/Src/stm32f1xx_hal_spi.o
 .debug_aranges
                0x00000a00      0x3d0 ./Drivers/STM32F1xx_HAL_Driver/Src/stm32f1xx_hal_tim.o
 .debug_aranges
                0x00000dd0      0x168 ./Drivers/STM32F1xx_HAL_Driver/Src/stm32f1xx_hal_tim_ex.o
 .debug_aranges
                0x00000f38      0x2a8 ./Middlewares/Third_Party/FreeRTOS/Source/CMSIS_RTOS_V2/cmsis_os2.o
 .debug_aranges
                0x000011e0       0x40 ./Middlewares/Third_Party/FreeRTOS/Source/list.o
 .debug_aranges
                0x00001220      0x158 ./Middlewares/Third_Party/FreeRTOS/Source/queue.o
 .debug_aranges
                0x00001378      0x208 ./Middlewares/Third_Party/FreeRTOS/Source/tasks.o
 .debug_aranges
                0x00001580       0xf0 ./Middlewares/Third_Party/FreeRTOS/Source/timers.o
 .debug_aranges
                0x00001670       0x78 ./Middlewares/Third_Party/FreeRTOS/Source/portable/GCC/ARM_CM3/port.o
 .debug_aranges
                0x000016e8       0x58 ./Middlewares/Third_Party/FreeRTOS/Source/portable/MemMang/heap_4.o

.debug_rnglists
                0x00000000     0x11e2
 .debug_rnglists
                0x00000000       0x74 ./Core/Acquisition/Src/acquisition.o
 .debug_rnglists
                0x00000074       0x13 ./Core/Graphics/Src/GraphicTextWidget.o
 .debug_rnglists
                0x00000087       0x47 ./Core/Graphics/Src/Graphics.o
 .debug_rnglists
                0x000000ce       0x5a ./Core/Src/main.o
 .debug_rnglists
                0x00000128       0x39 ./Core/Src/stm32f1xx_hal_msp.o
 .debug_rnglists
                0x00000161       0x49 ./Core/Src/stm32f1xx_it.o
 .debug_rnglists
                0x000001aa       0x13 ./Core/Src/sysmem.o
 .debug_rnglists
                0x000001bd       0x1a ./Core/Src/system_stm32f1xx.o
 .debug_rnglists
                0x000001d7       0x19 ./Core/Startup/startup_stm32f103rctx.o
 .debug_rnglists
                0x000001f0       0x64 ./Drivers/ST7789/Src/St7789.o
 .debug_rnglists
                0x00000254       0xa3 ./Drivers/STM32F1xx_HAL_Driver/Src/stm32f1xx_hal.o
 .debug_rnglists
                0x000002f7       0xbc ./Drivers/STM32F1xx_HAL_Driver/Src/stm32f1xx_hal_adc.o
 .debug_rnglists
                0x000003b3       0x65 ./Drivers/STM32F1xx_HAL_Driver/Src/stm32f1xx_hal_adc_ex.o
 .debug_rnglists
                0x00000418       0xbb ./Drivers/STM32F1xx_HAL_Driver/Src/stm32f1xx_hal_cortex.o
 .debug_rnglists
                0x000004d3       0x64 ./Drivers/STM32F1xx_HAL_Driver/Src/stm32f1xx_hal_dma.o
 .debug_rnglists
                0x00000537       0x3f ./Drivers/STM32F1xx_HAL_Driver/Src/stm32f1xx_hal_gpio.o
 .debug_rnglists
                0x00000576       0x6c ./Drivers/STM32F1xx_HAL_Driver/Src/stm32f1xx_hal_rcc.o
 .debug_rnglists
                0x000005e2       0x22 ./Drivers/STM32F1xx_HAL_Driver/Src/stm32f1xx_hal_rcc_ex.o
 .debug_rnglists
                0x00000604      0x16e ./Drivers/STM32F1xx_HAL_Driver/Src/stm32f1xx_hal_spi.o
 .debug_rnglists
                0x00000772      0x31a ./Drivers/STM32F1xx_HAL_Driver/Src/stm32f1xx_hal_tim.o
 .debug_rnglists
                0x00000a8c      0x125 ./Drivers/STM32F1xx_HAL_Driver/Src/stm32f1xx_hal_tim_ex.o
 .debug_rnglists
                0x00000bb1      0x20c ./Middlewares/Third_Party/FreeRTOS/Source/CMSIS_RTOS_V2/cmsis_os2.o
 .debug_rnglists
                0x00000dbd       0x2b ./Middlewares/Third_Party/FreeRTOS/Source/list.o
 .debug_rnglists
                0x00000de8      0x109 ./Middlewares/Third_Party/FreeRTOS/Source/queue.o
 .debug_rnglists
                0x00000ef1      0x1a0 ./Middlewares/Third_Party/FreeRTOS/Source/tasks.o
 .debug_rnglists
                0x00001091       0xb8 ./Middlewares/Third_Party/FreeRTOS/Source/timers.o
 .debug_rnglists
                0x00001149       0x57 ./Middlewares/Third_Party/FreeRTOS/Source/portable/GCC/ARM_CM3/port.o
 .debug_rnglists
                0x000011a0       0x42 ./Middlewares/Third_Party/FreeRTOS/Source/portable/MemMang/heap_4.o

.debug_macro    0x00000000    0x1d85c
 .debug_macro   0x00000000      0x30f ./Core/Acquisition/Src/acquisition.o
 .debug_macro   0x0000030f      0xacc ./Core/Acquisition/Src/acquisition.o
 .debug_macro   0x00000ddb      0x227 ./Core/Acquisition/Src/acquisition.o
 .debug_macro   0x00001002       0x2e ./Core/Acquisition/Src/acquisition.o
 .debug_macro   0x00001030       0x22 ./Core/Acquisition/Src/acquisition.o
 .debug_macro   0x00001052       0x22 ./Core/Acquisition/Src/acquisition.o
 .debug_macro   0x00001074       0x8e ./Core/Acquisition/Src/acquisition.o
 .debug_macro   0x00001102       0x51 ./Core/Acquisition/Src/acquisition.o
 .debug_macro   0x00001153      0x103 ./Core/Acquisition/Src/acquisition.o
 .debug_macro   0x00001256       0x6a ./Core/Acquisition/Src/acquisition.o
 .debug_macro   0x000012c0      0x1df ./Core/Acquisition/Src/acquisition.o
 .debug_macro   0x0000149f       0x1c ./Core/Acquisition/Src/acquisition.o
 .debug_macro   0x000014bb       0x22 ./Core/Acquisition/Src/acquisition.o
 .debug_macro   0x000014dd       0xbd ./Core/Acquisition/Src/acquisition.o
 .debug_macro   0x0000159a      0xd23 ./Core/Acquisition/Src/acquisition.o
 .debug_macro   0x000022bd     0xfd8c ./Core/Acquisition/Src/acquisition.o
 .debug_macro   0x00012049       0x6d ./Core/Acquisition/Src/acquisition.o
 .debug_macro   0x000120b6     0x34a2 ./Core/Acquisition/Src/acquisition.o
 .debug_macro   0x00015558      0x190 ./Core/Acquisition/Src/acquisition.o
 .debug_macro   0x000156e8       0x5c ./Core/Acquisition/Src/acquisition.o
 .debug_macro   0x00015744      0x5bc ./Core/Acquisition/Src/acquisition.o
 .debug_macro   0x00015d00      0x4d5 ./Core/Acquisition/Src/acquisition.o
 .debug_macro   0x000161d5      0x1cb ./Core/Acquisition/Src/acquisition.o
 .debug_macro   0x000163a0      0x114 ./Core/Acquisition/Src/acquisition.o
 .debug_macro   0x000164b4      0x1ea ./Core/Acquisition/Src/acquisition.o
 .debug_macro   0x0001669e       0x27 ./Core/Acquisition/Src/acquisition.o
 .debug_macro   0x000166c5      0x144 ./Core/Acquisition/Src/acquisition.o
 .debug_macro   0x00016809      0x1bc ./Core/Acquisition/Src/acquisition.o
 .debug_macro   0x000169c5       0x30 ./Core/Acquisition/Src/acquisition.o
 .debug_macro   0x000169f5       0x3c ./Core/Acquisition/Src/acquisition.o
 .debug_macro   0x00016a31       0x57 ./Core/Acquisition/Src/acquisition.o
 .debug_macro   0x00016a88      0x46a ./Core/Acquisition/Src/acquisition.o
 .debug_macro   0x00016ef2      0x25d ./Core/Acquisition/Src/acquisition.o
 .debug_macro   0x0001714f       0x87 ./Core/Acquisition/Src/acquisition.o
 .debug_macro   0x000171d6      0x24f ./Core/Acquisition/Src/acquisition.o
 .debug_macro   0x00017425      0x140 ./Core/Acquisition/Src/acquisition.o
 .debug_macro   0x00017565      0x217 ./Core/Acquisition/Src/acquisition.o
 .debug_macro   0x0001777c      0x8ed ./Core/Acquisition/Src/acquisition.o
 .debug_macro   0x00018069       0xb5 ./Core/Acquisition/Src/acquisition.o
 .debug_macro   0x0001811e      0x130 ./Core/Acquisition/Src/acquisition.o
 .debug_macro   0x0001824e      0x15a ./Core/Acquisition/Src/acquisition.o
 .debug_macro   0x000183a8       0xc9 ./Core/Acquisition/Src/acquisition.o
 .debug_macro   0x00018471       0x1c ./Core/Acquisition/Src/acquisition.o
 .debug_macro   0x0001848d       0x26 ./Core/Acquisition/Src/acquisition.o
 .debug_macro   0x000184b3      0x4da ./Core/Acquisition/Src/acquisition.o
 .debug_macro   0x0001898d       0xb5 ./Core/Acquisition/Src/acquisition.o
 .debug_macro   0x00018a42       0xaa ./Core/Acquisition/Src/acquisition.o
 .debug_macro   0x00018aec       0x87 ./Core/Acquisition/Src/acquisition.o
 .debug_macro   0x00018b73       0x10 ./Core/Acquisition/Src/acquisition.o
 .debug_macro   0x00018b83       0x24 ./Core/Acquisition/Src/acquisition.o
 .debug_macro   0x00018ba7       0x61 ./Core/Acquisition/Src/acquisition.o
 .debug_macro   0x00018c08       0x43 ./Core/Acquisition/Src/acquisition.o
 .debug_macro   0x00018c4b       0x34 ./Core/Acquisition/Src/acquisition.o
 .debug_macro   0x00018c7f       0x16 ./Core/Acquisition/Src/acquisition.o
 .debug_macro   0x00018c95       0x3c ./Core/Acquisition/Src/acquisition.o
 .debug_macro   0x00018cd1      0x370 ./Core/Acquisition/Src/acquisition.o
 .debug_macro   0x00019041       0x16 ./Core/Acquisition/Src/acquisition.o
 .debug_macro   0x00019057       0x4a ./Core/Acquisition/Src/acquisition.o
 .debug_macro   0x000190a1       0x34 ./Core/Acquisition/Src/acquisition.o
 .debug_macro   0x000190d5       0x10 ./Core/Acquisition/Src/acquisition.o
 .debug_macro   0x000190e5       0x58 ./Core/Acquisition/Src/acquisition.o
 .debug_macro   0x0001913d       0x8e ./Core/Acquisition/Src/acquisition.o
 .debug_macro   0x000191cb       0x1c ./Core/Acquisition/Src/acquisition.o
 .debug_macro   0x000191e7      0x185 ./Core/Acquisition/Src/acquisition.o
 .debug_macro   0x0001936c       0x16 ./Core/Acquisition/Src/acquisition.o
 .debug_macro   0x00019382       0x29 ./Core/Acquisition/Src/acquisition.o
 .debug_macro   0x000193ab      0x35c ./Core/Graphics/Src/GraphicTextWidget.o
 .debug_macro   0x00019707       0x5b ./Core/Graphics/Src/GraphicTextWidget.o
 .debug_macro   0x00019762       0x94 ./Core/Graphics/Src/GraphicTextWidget.o
 .debug_macro   0x000197f6       0x57 ./Core/Graphics/Src/GraphicTextWidget.o
 .debug_macro   0x0001984d       0x10 ./Core/Graphics/Src/GraphicTextWidget.o
 .debug_macro   0x0001985d       0x20 ./Core/Graphics/Src/GraphicTextWidget.o
 .debug_macro   0x0001987d       0x56 ./Core/Graphics/Src/GraphicTextWidget.o
 .debug_macro   0x000198d3      0x12a ./Core/Graphics/Src/GraphicTextWidget.o
 .debug_macro   0x000199fd       0x1c ./Core/Graphics/Src/GraphicTextWidget.o
 .debug_macro   0x00019a19       0x10 ./Core/Graphics/Src/GraphicTextWidget.o
 .debug_macro   0x00019a29       0x1c ./Core/Graphics/Src/GraphicTextWidget.o
 .debug_macro   0x00019a45       0x16 ./Core/Graphics/Src/GraphicTextWidget.o
 .debug_macro   0x00019a5b      0x146 ./Core/Graphics/Src/GraphicTextWidget.o
 .debug_macro   0x00019ba1       0x10 ./Core/Graphics/Src/GraphicTextWidget.o
 .debug_macro   0x00019bb1       0x1c ./Core/Graphics/Src/GraphicTextWidget.o
 .debug_macro   0x00019bcd      0x35e ./Core/Graphics/Src/Graphics.o
 .debug_macro   0x00019f2b       0x16 ./Core/Graphics/Src/Graphics.o
 .debug_macro   0x00019f41       0x16 ./Core/Graphics/Src/Graphics.o
 .debug_macro   0x00019f57       0x16 ./Core/Graphics/Src/Graphics.o
 .debug_macro   0x00019f6d      0x3d7 ./Core/Src/main.o
 .debug_macro   0x0001a344       0x66 ./Core/Src/main.o
 .debug_macro   0x0001a3aa       0x74 ./Core/Src/main.o
 .debug_macro   0x0001a41e       0xdd ./Core/Src/main.o
 .debug_macro   0x0001a4fb      0x130 ./Core/Src/main.o
 .debug_macro   0x0001a62b      0x1c6 ./Core/Src/stm32f1xx_hal_msp.o
 .debug_macro   0x0001a7f1      0x238 ./Core/Src/stm32f1xx_it.o
 .debug_macro   0x0001aa29      0x112 ./Core/Src/sysmem.o
 .debug_macro   0x0001ab3b      0x23c ./Core/Src/sysmem.o
 .debug_macro   0x0001ad77      0x1b7 ./Core/Src/system_stm32f1xx.o
 .debug_macro   0x0001af2e      0x33d ./Drivers/ST7789/Src/St7789.o
 .debug_macro   0x0001b26b      0x1db ./Drivers/STM32F1xx_HAL_Driver/Src/stm32f1xx_hal.o
 .debug_macro   0x0001b446      0x1d4 ./Drivers/STM32F1xx_HAL_Driver/Src/stm32f1xx_hal_adc.o
 .debug_macro   0x0001b61a      0x1c9 ./Drivers/STM32F1xx_HAL_Driver/Src/stm32f1xx_hal_adc_ex.o
 .debug_macro   0x0001b7e3      0x1b7 ./Drivers/STM32F1xx_HAL_Driver/Src/stm32f1xx_hal_cortex.o
 .debug_macro   0x0001b99a      0x1b7 ./Drivers/STM32F1xx_HAL_Driver/Src/stm32f1xx_hal_dma.o