../Core/Acquisition/Src/acquisition.c:20:6:AcquisittionSetSampleCount	16	static
../Core/Acquisition/Src/acquisition.c:25:6:AcquisittionSetSamplePeriod	16	static
../Core/Acquisition/Src/acquisition.c:30:6:AcquisittionSampleStop	8	static
../Core/Acquisition/Src/acquisition.c:35:6:AcquisittionSampleStart	8	static
../Core/Acquisition/Src/acquisition.c:44:6:AcquisittionStart	8	static
../Core/Acquisition/Src/acquisition.c:49:6:HAL_ADC_ConvCpltCallback	16	static
../Core/Acquisition/Src/acquisition.c:56:13:AcquisittionSetMsgEncoderChanged	16	static
../Core/Acquisition/Src/acquisition.c:62:13:AcquisittionSendQueueFormIsr	24	static,ignoring_inline_asm
../Core/Acquisition/Src/acquisition.c:67:13:AcquisittionEncoderChangedValue	16	static
../Core/Acquisition/Src/acquisition.c:81:13:AcquisittionReadSampleBlockFinish	16	static
../Core/Acquisition/Src/acquisition.c:108:13:AcquisittionSetSampleMsg	16	static
../Core/Acquisition/Src/acquisition.c:115:6:AcquisittionInit	24	static
../Core/Acquisition/Src/acquisition.c:122:6:AcquisittionAllowMemory	24	static
../Core/Acquisition/Src/acquisition.c:131:12:AcquisittionPushMsgQueueFree	24	static
../Core/Acquisition/Src/acquisition.c:136:12:AcquisittionPopMsgQueueFree	24	static
../Core/Acquisition/Src/acquisition.c:141:12:AcquisittionPushMsgQueueReady	24	static
../Core/Acquisition/Src/acquisition.c:146:12:AcquisittionPopMsgQueueReady	24	static
