../Core/Src/main.c:105:5:main	8	static
../Core/Src/main.c:190:6:SystemClock_Config	96	static
../Core/Src/main.c:237:13:MX_ADC3_Init	24	static
../Core/Src/main.c:284:13:MX_SPI1_Init	8	static
../Core/Src/main.c:322:13:MX_TIM2_Init	64	static
../Core/Src/main.c:378:13:MX_DMA_Init	16	static
../Core/Src/main.c:400:13:MX_GPIO_Init	40	static
../Core/Src/main.c:428:13:St7789_Config	40	static
../Core/Src/main.c:438:6:HandleEncoderChanged	16	static
../Core/Src/main.c:450:6:AcquitsittionHandleCallback	24	static
../Core/Src/main.c:496:6:UiHandleCallback	128	static
../Core/Src/main.c:537:6:Error_Handler	4	static,ignoring_inline_asm
